[browser] Image with src "http://localhost:3001/images/logo/logo.svg" has either width or height modified, but not the other. If you use CSS to change the size of your image, also include the styles 'width: "auto"' or 'height: "auto"' to maintain the aspect ratio.
[browser] Image with src "http://localhost:3001/images/logo/logo.svg" has either width or height modified, but not the other. If you use CSS to change the size of your image, also include the styles 'width: "auto"' or 'height: "auto"' to maintain the aspect ratio.
[browser] Image with src "/images/logo/logo.svg" was detected as the Largest Contentful Paint (LCP). Please add the `loading="eager"` property if this image is above the fold.
Read more: https://nextjs.org/docs/app/api-reference/components/image#loading
[browser] Image with src "http://localhost:3001/images/logo/logo.svg" has either width or height modified, but not the other. If you use CSS to change the size of your image, also include the styles 'width: "auto"' or 'height: "auto"' to maintain the aspect ratio.
[browser] Image with src "/images/logo/logo.svg" was detected as the Largest Contentful Paint (LCP). Please add the `loading="eager"` property if this image is above the fold.
Read more: https://nextjs.org/docs/app/api-reference/components/image#loading
[browser] Image with src "http://localhost:3001/images/logo/logo.svg" has either width or height modified, but not the other. If you use CSS to change the size of your image, also include the styles 'width: "auto"' or 'height: "auto"' to maintain the aspect ratio.
[browser] Image with src "./images/logo/logo.svg" was detected as the Largest Contentful Paint (LCP). Please add the `loading="eager"` property if this image is above the fold.
Read more: https://nextjs.org/docs/app/api-reference/components/image#loading
[browser] Image with src "./images/logo/logo.svg" was detected as the Largest Contentful Paint (LCP). Please add the `loading="eager"` property if this image is above the fold.
Read more: https://nextjs.org/docs/app/api-reference/components/image#loading
[browser] Image with src "http://localhost:3001/images/logo/logo.svg" has either width or height modified, but not the other. If you use CSS to change the size of your image, also include the styles 'width: "auto"' or 'height: "auto"' to maintain the aspect ratio.
⨯ ./src/layout/AppHeader.tsx:9:1
Error: Module not found: Can't resolve '@/components/header/NotificationDropdown'
  [90m 7 |[0m [32m"use client"[0m;
  [90m 8 |[0m [36mimport[0m { [33mThemeToggleButton[0m } [36mfrom[0m [32m"@/components/common/ThemeToggleButton"[0m;
[31m[1m>[0m [90m 9 |[0m [36mimport[0m [33mNotificationDropdown[0m [36mfrom[0m [32m"@/components/header/NotificationDropdown"[0m;
  [90m   |[0m [31m[1m^^^^^^^^^^^^^^^^^^^^^^^^^^^^^^^^^^^^^^^^^^^^^^^^^^^^^^^^^^^^^^^^^^^^^^^^^^^^[0m
  [90m10 |[0m [36mimport[0m [33mUserDropdown[0m [36mfrom[0m [32m"@/components/header/UserDropdown"[0m;
  [90m11 |[0m [36mimport[0m { useSidebar } [36mfrom[0m [32m"@/context/SidebarContext"[0m;
  [90m12 |[0m [36mimport[0m [33mImage[0m [36mfrom[0m [32m"next/image"[0m;

Import map: aliased to relative './src/components/header/NotificationDropdown' inside of [project]/


Import traces:
  Client Component Browser:
    ./src/layout/AppHeader.tsx [Client Component Browser]
    ./src/app/(admin)/layout.tsx [Client Component Browser]
    ./src/app/(admin)/layout.tsx [Server Component]

  Client Component SSR:
    ./src/layout/AppHeader.tsx [Client Component SSR]
    ./src/app/(admin)/layout.tsx [Client Component SSR]
    ./src/app/(admin)/layout.tsx [Server Component]

https://nextjs.org/docs/messages/module-not-found


⨯ ./src/layout/AppHeader.tsx:9:1
Error: Module not found: Can't resolve '@/components/header/NotificationDropdown'
  [90m 7 |[0m [32m"use client"[0m;
  [90m 8 |[0m [36mimport[0m { [33mThemeToggleButton[0m } [36mfrom[0m [32m"@/components/common/ThemeToggleButton"[0m;
[31m[1m>[0m [90m 9 |[0m [36mimport[0m [33mNotificationDropdown[0m [36mfrom[0m [32m"@/components/header/NotificationDropdown"[0m;
  [90m   |[0m [31m[1m^^^^^^^^^^^^^^^^^^^^^^^^^^^^^^^^^^^^^^^^^^^^^^^^^^^^^^^^^^^^^^^^^^^^^^^^^^^^[0m
  [90m10 |[0m [36mimport[0m [33mUserDropdown[0m [36mfrom[0m [32m"@/components/header/UserDropdown"[0m;
  [90m11 |[0m [36mimport[0m { useSidebar } [36mfrom[0m [32m"@/context/SidebarContext"[0m;
  [90m12 |[0m [36mimport[0m [33mImage[0m [36mfrom[0m [32m"next/image"[0m;

Import map: aliased to relative './src/components/header/NotificationDropdown' inside of [project]/


Import traces:
  Client Component Browser:
    ./src/layout/AppHeader.tsx [Client Component Browser]
    ./src/app/(admin)/layout.tsx [Client Component Browser]
    ./src/app/(admin)/layout.tsx [Server Component]

  Client Component SSR:
    ./src/layout/AppHeader.tsx [Client Component SSR]
    ./src/app/(admin)/layout.tsx [Client Component SSR]
    ./src/app/(admin)/layout.tsx [Server Component]

https://nextjs.org/docs/messages/module-not-found


⨯ ./src/layout/AppHeader.tsx:9:1
Error: Module not found: Can't resolve '@/components/header/NotificationDropdown'
  [90m 7 |[0m [32m"use client"[0m;
  [90m 8 |[0m [36mimport[0m { [33mThemeToggleButton[0m } [36mfrom[0m [32m"@/components/common/ThemeToggleButton"[0m;
[31m[1m>[0m [90m 9 |[0m [36mimport[0m [33mNotificationDropdown[0m [36mfrom[0m [32m"@/components/header/NotificationDropdown"[0m;
  [90m   |[0m [31m[1m^^^^^^^^^^^^^^^^^^^^^^^^^^^^^^^^^^^^^^^^^^^^^^^^^^^^^^^^^^^^^^^^^^^^^^^^^^^^[0m
  [90m10 |[0m [36mimport[0m [33mUserDropdown[0m [36mfrom[0m [32m"@/components/header/UserDropdown"[0m;
  [90m11 |[0m [36mimport[0m { useSidebar } [36mfrom[0m [32m"@/context/SidebarContext"[0m;
  [90m12 |[0m [36mimport[0m [33mImage[0m [36mfrom[0m [32m"next/image"[0m;

Import map: aliased to relative './src/components/header/NotificationDropdown' inside of [project]/


Import traces:
  Client Component Browser:
    ./src/layout/AppHeader.tsx [Client Component Browser]
    ./src/app/(admin)/layout.tsx [Client Component Browser]
    ./src/app/(admin)/layout.tsx [Server Component]

  Client Component SSR:
    ./src/layout/AppHeader.tsx [Client Component SSR]
    ./src/app/(admin)/layout.tsx [Client Component SSR]
    ./src/app/(admin)/layout.tsx [Server Component]

https://nextjs.org/docs/messages/module-not-found


⨯ ./src/layout/AppHeader.tsx:9:1
Error: Module not found: Can't resolve '@/components/header/NotificationDropdown'
  [90m 7 |[0m [32m"use client"[0m;
  [90m 8 |[0m [36mimport[0m { [33mThemeToggleButton[0m } [36mfrom[0m [32m"@/components/common/ThemeToggleButton"[0m;
[31m[1m>[0m [90m 9 |[0m [36mimport[0m [33mNotificationDropdown[0m [36mfrom[0m [32m"@/components/header/NotificationDropdown"[0m;
  [90m   |[0m [31m[1m^^^^^^^^^^^^^^^^^^^^^^^^^^^^^^^^^^^^^^^^^^^^^^^^^^^^^^^^^^^^^^^^^^^^^^^^^^^^[0m
  [90m10 |[0m [36mimport[0m [33mUserDropdown[0m [36mfrom[0m [32m"@/components/header/UserDropdown"[0m;
  [90m11 |[0m [36mimport[0m { useSidebar } [36mfrom[0m [32m"@/context/SidebarContext"[0m;
  [90m12 |[0m [36mimport[0m [33mImage[0m [36mfrom[0m [32m"next/image"[0m;

Import map: aliased to relative './src/components/header/NotificationDropdown' inside of [project]/


Import traces:
  Client Component Browser:
    ./src/layout/AppHeader.tsx [Client Component Browser]
    ./src/app/(admin)/layout.tsx [Client Component Browser]
    ./src/app/(admin)/layout.tsx [Server Component]

  Client Component SSR:
    ./src/layout/AppHeader.tsx [Client Component SSR]
    ./src/app/(admin)/layout.tsx [Client Component SSR]
    ./src/app/(admin)/layout.tsx [Server Component]

https://nextjs.org/docs/messages/module-not-found


⨯ ./src/layout/AppHeader.tsx:9:1
Error: Module not found: Can't resolve '@/components/header/NotificationDropdown'
  [90m 7 |[0m [32m"use client"[0m;
  [90m 8 |[0m [36mimport[0m { [33mThemeToggleButton[0m } [36mfrom[0m [32m"@/components/common/ThemeToggleButton"[0m;
[31m[1m>[0m [90m 9 |[0m [36mimport[0m [33mNotificationDropdown[0m [36mfrom[0m [32m"@/components/header/NotificationDropdown"[0m;
  [90m   |[0m [31m[1m^^^^^^^^^^^^^^^^^^^^^^^^^^^^^^^^^^^^^^^^^^^^^^^^^^^^^^^^^^^^^^^^^^^^^^^^^^^^[0m
  [90m10 |[0m [36mimport[0m [33mUserDropdown[0m [36mfrom[0m [32m"@/components/header/UserDropdown"[0m;
  [90m11 |[0m [36mimport[0m { useSidebar } [36mfrom[0m [32m"@/context/SidebarContext"[0m;
  [90m12 |[0m [36mimport[0m [33mImage[0m [36mfrom[0m [32m"next/image"[0m;

Import map: aliased to relative './src/components/header/NotificationDropdown' inside of [project]/


Import traces:
  Client Component Browser:
    ./src/layout/AppHeader.tsx [Client Component Browser]
    ./src/app/(admin)/layout.tsx [Client Component Browser]
    ./src/app/(admin)/layout.tsx [Server Component]

  Client Component SSR:
    ./src/layout/AppHeader.tsx [Client Component SSR]
    ./src/app/(admin)/layout.tsx [Client Component SSR]
    ./src/app/(admin)/layout.tsx [Server Component]

https://nextjs.org/docs/messages/module-not-found


⨯ ./src/layout/AppHeader.tsx:9:1
Error: Module not found: Can't resolve '@/components/header/NotificationDropdown'
  [90m 7 |[0m [32m"use client"[0m;
  [90m 8 |[0m [36mimport[0m { [33mThemeToggleButton[0m } [36mfrom[0m [32m"@/components/common/ThemeToggleButton"[0m;
[31m[1m>[0m [90m 9 |[0m [36mimport[0m [33mNotificationDropdown[0m [36mfrom[0m [32m"@/components/header/NotificationDropdown"[0m;
  [90m   |[0m [31m[1m^^^^^^^^^^^^^^^^^^^^^^^^^^^^^^^^^^^^^^^^^^^^^^^^^^^^^^^^^^^^^^^^^^^^^^^^^^^^[0m
  [90m10 |[0m [36mimport[0m [33mUserDropdown[0m [36mfrom[0m [32m"@/components/header/UserDropdown"[0m;
  [90m11 |[0m [36mimport[0m { useSidebar } [36mfrom[0m [32m"@/context/SidebarContext"[0m;
  [90m12 |[0m [36mimport[0m [33mImage[0m [36mfrom[0m [32m"next/image"[0m;

Import map: aliased to relative './src/components/header/NotificationDropdown' inside of [project]/


Import traces:
  Client Component Browser:
    ./src/layout/AppHeader.tsx [Client Component Browser]
    ./src/app/(admin)/layout.tsx [Client Component Browser]
    ./src/app/(admin)/layout.tsx [Server Component]

  Client Component SSR:
    ./src/layout/AppHeader.tsx [Client Component SSR]
    ./src/app/(admin)/layout.tsx [Client Component SSR]
    ./src/app/(admin)/layout.tsx [Server Component]

https://nextjs.org/docs/messages/module-not-found


⨯ ./src/layout/AppHeader.tsx:9:1
Error: Module not found: Can't resolve '@/components/header/NotificationDropdown'
  [90m 7 |[0m [32m"use client"[0m;
  [90m 8 |[0m [36mimport[0m { [33mThemeToggleButton[0m } [36mfrom[0m [32m"@/components/common/ThemeToggleButton"[0m;
[31m[1m>[0m [90m 9 |[0m [36mimport[0m [33mNotificationDropdown[0m [36mfrom[0m [32m"@/components/header/NotificationDropdown"[0m;
  [90m   |[0m [31m[1m^^^^^^^^^^^^^^^^^^^^^^^^^^^^^^^^^^^^^^^^^^^^^^^^^^^^^^^^^^^^^^^^^^^^^^^^^^^^[0m
  [90m10 |[0m [36mimport[0m [33mUserDropdown[0m [36mfrom[0m [32m"@/components/header/UserDropdown"[0m;
  [90m11 |[0m [36mimport[0m { useSidebar } [36mfrom[0m [32m"@/context/SidebarContext"[0m;
  [90m12 |[0m [36mimport[0m [33mImage[0m [36mfrom[0m [32m"next/image"[0m;

Import map: aliased to relative './src/components/header/NotificationDropdown' inside of [project]/


Import traces:
  Client Component Browser:
    ./src/layout/AppHeader.tsx [Client Component Browser]
    ./src/app/(admin)/layout.tsx [Client Component Browser]
    ./src/app/(admin)/layout.tsx [Server Component]

  Client Component SSR:
    ./src/layout/AppHeader.tsx [Client Component SSR]
    ./src/app/(admin)/layout.tsx [Client Component SSR]
    ./src/app/(admin)/layout.tsx [Server Component]

https://nextjs.org/docs/messages/module-not-found


⨯ ./src/layout/AppHeader.tsx:9:1
Error: Module not found: Can't resolve '@/components/header/NotificationDropdown'
  [90m 7 |[0m [32m"use client"[0m;
  [90m 8 |[0m [36mimport[0m { [33mThemeToggleButton[0m } [36mfrom[0m [32m"@/components/common/ThemeToggleButton"[0m;
[31m[1m>[0m [90m 9 |[0m [36mimport[0m [33mNotificationDropdown[0m [36mfrom[0m [32m"@/components/header/NotificationDropdown"[0m;
  [90m   |[0m [31m[1m^^^^^^^^^^^^^^^^^^^^^^^^^^^^^^^^^^^^^^^^^^^^^^^^^^^^^^^^^^^^^^^^^^^^^^^^^^^^[0m
  [90m10 |[0m [36mimport[0m [33mUserDropdown[0m [36mfrom[0m [32m"@/components/header/UserDropdown"[0m;
  [90m11 |[0m [36mimport[0m { useSidebar } [36mfrom[0m [32m"@/context/SidebarContext"[0m;
  [90m12 |[0m [36mimport[0m [33mImage[0m [36mfrom[0m [32m"next/image"[0m;

Import map: aliased to relative './src/components/header/NotificationDropdown' inside of [project]/


Import traces:
  Client Component Browser:
    ./src/layout/AppHeader.tsx [Client Component Browser]
    ./src/app/(admin)/layout.tsx [Client Component Browser]
    ./src/app/(admin)/layout.tsx [Server Component]

  Client Component SSR:
    ./src/layout/AppHeader.tsx [Client Component SSR]
    ./src/app/(admin)/layout.tsx [Client Component SSR]
    ./src/app/(admin)/layout.tsx [Server Component]

https://nextjs.org/docs/messages/module-not-found


⨯ ./src/layout/AppHeader.tsx:9:1
Error: Module not found: Can't resolve '@/components/header/NotificationDropdown'
  [90m 7 |[0m [32m"use client"[0m;
  [90m 8 |[0m [36mimport[0m { [33mThemeToggleButton[0m } [36mfrom[0m [32m"@/components/common/ThemeToggleButton"[0m;
[31m[1m>[0m [90m 9 |[0m [36mimport[0m [33mNotificationDropdown[0m [36mfrom[0m [32m"@/components/header/NotificationDropdown"[0m;
  [90m   |[0m [31m[1m^^^^^^^^^^^^^^^^^^^^^^^^^^^^^^^^^^^^^^^^^^^^^^^^^^^^^^^^^^^^^^^^^^^^^^^^^^^^[0m
  [90m10 |[0m [36mimport[0m [33mUserDropdown[0m [36mfrom[0m [32m"@/components/header/UserDropdown"[0m;
  [90m11 |[0m [36mimport[0m { useSidebar } [36mfrom[0m [32m"@/context/SidebarContext"[0m;
  [90m12 |[0m [36mimport[0m [33mImage[0m [36mfrom[0m [32m"next/image"[0m;

Import map: aliased to relative './src/components/header/NotificationDropdown' inside of [project]/


Import traces:
  Client Component Browser:
    ./src/layout/AppHeader.tsx [Client Component Browser]
    ./src/app/(admin)/layout.tsx [Client Component Browser]
    ./src/app/(admin)/layout.tsx [Server Component]

  Client Component SSR:
    ./src/layout/AppHeader.tsx [Client Component SSR]
    ./src/app/(admin)/layout.tsx [Client Component SSR]
    ./src/app/(admin)/layout.tsx [Server Component]

https://nextjs.org/docs/messages/module-not-found


⨯ ./src/layout/AppHeader.tsx:9:1
Error: Module not found: Can't resolve '@/components/header/NotificationDropdown'
  [90m 7 |[0m [32m"use client"[0m;
  [90m 8 |[0m [36mimport[0m { [33mThemeToggleButton[0m } [36mfrom[0m [32m"@/components/common/ThemeToggleButton"[0m;
[31m[1m>[0m [90m 9 |[0m [36mimport[0m [33mNotificationDropdown[0m [36mfrom[0m [32m"@/components/header/NotificationDropdown"[0m;
  [90m   |[0m [31m[1m^^^^^^^^^^^^^^^^^^^^^^^^^^^^^^^^^^^^^^^^^^^^^^^^^^^^^^^^^^^^^^^^^^^^^^^^^^^^[0m
  [90m10 |[0m [36mimport[0m [33mUserDropdown[0m [36mfrom[0m [32m"@/components/header/UserDropdown"[0m;
  [90m11 |[0m [36mimport[0m { useSidebar } [36mfrom[0m [32m"@/context/SidebarContext"[0m;
  [90m12 |[0m [36mimport[0m [33mImage[0m [36mfrom[0m [32m"next/image"[0m;

Import map: aliased to relative './src/components/header/NotificationDropdown' inside of [project]/


Import traces:
  Client Component Browser:
    ./src/layout/AppHeader.tsx [Client Component Browser]
    ./src/app/(admin)/layout.tsx [Client Component Browser]
    ./src/app/(admin)/layout.tsx [Server Component]

  Client Component SSR:
    ./src/layout/AppHeader.tsx [Client Component SSR]
    ./src/app/(admin)/layout.tsx [Client Component SSR]
    ./src/app/(admin)/layout.tsx [Server Component]

https://nextjs.org/docs/messages/module-not-found


⨯ ./src/layout/AppHeader.tsx:9:1
Error: Module not found: Can't resolve '@/components/header/NotificationDropdown'
  [90m 7 |[0m [32m"use client"[0m;
  [90m 8 |[0m [36mimport[0m { [33mThemeToggleButton[0m } [36mfrom[0m [32m"@/components/common/ThemeToggleButton"[0m;
[31m[1m>[0m [90m 9 |[0m [36mimport[0m [33mNotificationDropdown[0m [36mfrom[0m [32m"@/components/header/NotificationDropdown"[0m;
  [90m   |[0m [31m[1m^^^^^^^^^^^^^^^^^^^^^^^^^^^^^^^^^^^^^^^^^^^^^^^^^^^^^^^^^^^^^^^^^^^^^^^^^^^^[0m
  [90m10 |[0m [36mimport[0m [33mUserDropdown[0m [36mfrom[0m [32m"@/components/header/UserDropdown"[0m;
  [90m11 |[0m [36mimport[0m { useSidebar } [36mfrom[0m [32m"@/context/SidebarContext"[0m;
  [90m12 |[0m [36mimport[0m [33mImage[0m [36mfrom[0m [32m"next/image"[0m;

Import map: aliased to relative './src/components/header/NotificationDropdown' inside of [project]/


Import traces:
  Client Component Browser:
    ./src/layout/AppHeader.tsx [Client Component Browser]
    ./src/app/(admin)/layout.tsx [Client Component Browser]
    ./src/app/(admin)/layout.tsx [Server Component]

  Client Component SSR:
    ./src/layout/AppHeader.tsx [Client Component SSR]
    ./src/app/(admin)/layout.tsx [Client Component SSR]
    ./src/app/(admin)/layout.tsx [Server Component]

https://nextjs.org/docs/messages/module-not-found


⨯ ./src/layout/AppHeader.tsx:9:1
Error: Module not found: Can't resolve '@/components/header/NotificationDropdown'
  [90m 7 |[0m [32m"use client"[0m;
  [90m 8 |[0m [36mimport[0m { [33mThemeToggleButton[0m } [36mfrom[0m [32m"@/components/common/ThemeToggleButton"[0m;
[31m[1m>[0m [90m 9 |[0m [36mimport[0m [33mNotificationDropdown[0m [36mfrom[0m [32m"@/components/header/NotificationDropdown"[0m;
  [90m   |[0m [31m[1m^^^^^^^^^^^^^^^^^^^^^^^^^^^^^^^^^^^^^^^^^^^^^^^^^^^^^^^^^^^^^^^^^^^^^^^^^^^^[0m
  [90m10 |[0m [36mimport[0m [33mUserDropdown[0m [36mfrom[0m [32m"@/components/header/UserDropdown"[0m;
  [90m11 |[0m [36mimport[0m { useSidebar } [36mfrom[0m [32m"@/context/SidebarContext"[0m;
  [90m12 |[0m [36mimport[0m [33mImage[0m [36mfrom[0m [32m"next/image"[0m;

Import map: aliased to relative './src/components/header/NotificationDropdown' inside of [project]/


Import traces:
  Client Component Browser:
    ./src/layout/AppHeader.tsx [Client Component Browser]
    ./src/app/(admin)/layout.tsx [Client Component Browser]
    ./src/app/(admin)/layout.tsx [Server Component]

  Client Component SSR:
    ./src/layout/AppHeader.tsx [Client Component SSR]
    ./src/app/(admin)/layout.tsx [Client Component SSR]
    ./src/app/(admin)/layout.tsx [Server Component]

https://nextjs.org/docs/messages/module-not-found


⨯ ./src/layout/AppHeader.tsx:9:1
Error: Module not found: Can't resolve '@/components/header/NotificationDropdown'
  [90m 7 |[0m [32m"use client"[0m;
  [90m 8 |[0m [36mimport[0m { [33mThemeToggleButton[0m } [36mfrom[0m [32m"@/components/common/ThemeToggleButton"[0m;
[31m[1m>[0m [90m 9 |[0m [36mimport[0m [33mNotificationDropdown[0m [36mfrom[0m [32m"@/components/header/NotificationDropdown"[0m;
  [90m   |[0m [31m[1m^^^^^^^^^^^^^^^^^^^^^^^^^^^^^^^^^^^^^^^^^^^^^^^^^^^^^^^^^^^^^^^^^^^^^^^^^^^^[0m
  [90m10 |[0m [36mimport[0m [33mUserDropdown[0m [36mfrom[0m [32m"@/components/header/UserDropdown"[0m;
  [90m11 |[0m [36mimport[0m { useSidebar } [36mfrom[0m [32m"@/context/SidebarContext"[0m;
  [90m12 |[0m [36mimport[0m [33mImage[0m [36mfrom[0m [32m"next/image"[0m;

Import map: aliased to relative './src/components/header/NotificationDropdown' inside of [project]/


Import traces:
  Client Component Browser:
    ./src/layout/AppHeader.tsx [Client Component Browser]
    ./src/app/(admin)/layout.tsx [Client Component Browser]
    ./src/app/(admin)/layout.tsx [Server Component]

  Client Component SSR:
    ./src/layout/AppHeader.tsx [Client Component SSR]
    ./src/app/(admin)/layout.tsx [Client Component SSR]
    ./src/app/(admin)/layout.tsx [Server Component]

https://nextjs.org/docs/messages/module-not-found


⨯ ./src/layout/AppHeader.tsx:9:1
Error: Module not found: Can't resolve '@/components/header/NotificationDropdown'
  [90m 7 |[0m [32m"use client"[0m;
  [90m 8 |[0m [36mimport[0m { [33mThemeToggleButton[0m } [36mfrom[0m [32m"@/components/common/ThemeToggleButton"[0m;
[31m[1m>[0m [90m 9 |[0m [36mimport[0m [33mNotificationDropdown[0m [36mfrom[0m [32m"@/components/header/NotificationDropdown"[0m;
  [90m   |[0m [31m[1m^^^^^^^^^^^^^^^^^^^^^^^^^^^^^^^^^^^^^^^^^^^^^^^^^^^^^^^^^^^^^^^^^^^^^^^^^^^^[0m
  [90m10 |[0m [36mimport[0m [33mUserDropdown[0m [36mfrom[0m [32m"@/components/header/UserDropdown"[0m;
  [90m11 |[0m [36mimport[0m { useSidebar } [36mfrom[0m [32m"@/context/SidebarContext"[0m;
  [90m12 |[0m [36mimport[0m [33mImage[0m [36mfrom[0m [32m"next/image"[0m;

Import map: aliased to relative './src/components/header/NotificationDropdown' inside of [project]/


Import traces:
  Client Component Browser:
    ./src/layout/AppHeader.tsx [Client Component Browser]
    ./src/app/(admin)/layout.tsx [Client Component Browser]
    ./src/app/(admin)/layout.tsx [Server Component]

  Client Component SSR:
    ./src/layout/AppHeader.tsx [Client Component SSR]
    ./src/app/(admin)/layout.tsx [Client Component SSR]
    ./src/app/(admin)/layout.tsx [Server Component]

https://nextjs.org/docs/messages/module-not-found


⨯ ./src/layout/AppHeader.tsx:9:1
Error: Module not found: Can't resolve '@/components/header/NotificationDropdown'
  [90m 7 |[0m [32m"use client"[0m;
  [90m 8 |[0m [36mimport[0m { [33mThemeToggleButton[0m } [36mfrom[0m [32m"@/components/common/ThemeToggleButton"[0m;
[31m[1m>[0m [90m 9 |[0m [36mimport[0m [33mNotificationDropdown[0m [36mfrom[0m [32m"@/components/header/NotificationDropdown"[0m;
  [90m   |[0m [31m[1m^^^^^^^^^^^^^^^^^^^^^^^^^^^^^^^^^^^^^^^^^^^^^^^^^^^^^^^^^^^^^^^^^^^^^^^^^^^^[0m
  [90m10 |[0m [36mimport[0m [33mUserDropdown[0m [36mfrom[0m [32m"@/components/header/UserDropdown"[0m;
  [90m11 |[0m [36mimport[0m { useSidebar } [36mfrom[0m [32m"@/context/SidebarContext"[0m;
  [90m12 |[0m [36mimport[0m [33mImage[0m [36mfrom[0m [32m"next/image"[0m;

Import map: aliased to relative './src/components/header/NotificationDropdown' inside of [project]/


Import traces:
  Client Component Browser:
    ./src/layout/AppHeader.tsx [Client Component Browser]
    ./src/app/(admin)/layout.tsx [Client Component Browser]
    ./src/app/(admin)/layout.tsx [Server Component]

  Client Component SSR:
    ./src/layout/AppHeader.tsx [Client Component SSR]
    ./src/app/(admin)/layout.tsx [Client Component SSR]
    ./src/app/(admin)/layout.tsx [Server Component]

https://nextjs.org/docs/messages/module-not-found


⨯ ./src/layout/AppHeader.tsx:9:1
Error: Module not found: Can't resolve '@/components/header/NotificationDropdown'
  [90m 7 |[0m [32m"use client"[0m;
  [90m 8 |[0m [36mimport[0m { [33mThemeToggleButton[0m } [36mfrom[0m [32m"@/components/common/ThemeToggleButton"[0m;
[31m[1m>[0m [90m 9 |[0m [36mimport[0m [33mNotificationDropdown[0m [36mfrom[0m [32m"@/components/header/NotificationDropdown"[0m;
  [90m   |[0m [31m[1m^^^^^^^^^^^^^^^^^^^^^^^^^^^^^^^^^^^^^^^^^^^^^^^^^^^^^^^^^^^^^^^^^^^^^^^^^^^^[0m
  [90m10 |[0m [36mimport[0m [33mUserDropdown[0m [36mfrom[0m [32m"@/components/header/UserDropdown"[0m;
  [90m11 |[0m [36mimport[0m { useSidebar } [36mfrom[0m [32m"@/context/SidebarContext"[0m;
  [90m12 |[0m [36mimport[0m [33mImage[0m [36mfrom[0m [32m"next/image"[0m;

Import map: aliased to relative './src/components/header/NotificationDropdown' inside of [project]/


Import traces:
  Client Component Browser:
    ./src/layout/AppHeader.tsx [Client Component Browser]
    ./src/app/(admin)/layout.tsx [Client Component Browser]
    ./src/app/(admin)/layout.tsx [Server Component]

  Client Component SSR:
    ./src/layout/AppHeader.tsx [Client Component SSR]
    ./src/app/(admin)/layout.tsx [Client Component SSR]
    ./src/app/(admin)/layout.tsx [Server Component]

https://nextjs.org/docs/messages/module-not-found


⨯ ./src/layout/AppHeader.tsx:9:1
Error: Module not found: Can't resolve '@/components/header/NotificationDropdown'
  [90m 7 |[0m [32m"use client"[0m;
  [90m 8 |[0m [36mimport[0m { [33mThemeToggleButton[0m } [36mfrom[0m [32m"@/components/common/ThemeToggleButton"[0m;
[31m[1m>[0m [90m 9 |[0m [36mimport[0m [33mNotificationDropdown[0m [36mfrom[0m [32m"@/components/header/NotificationDropdown"[0m;
  [90m   |[0m [31m[1m^^^^^^^^^^^^^^^^^^^^^^^^^^^^^^^^^^^^^^^^^^^^^^^^^^^^^^^^^^^^^^^^^^^^^^^^^^^^[0m
  [90m10 |[0m [36mimport[0m [33mUserDropdown[0m [36mfrom[0m [32m"@/components/header/UserDropdown"[0m;
  [90m11 |[0m [36mimport[0m { useSidebar } [36mfrom[0m [32m"@/context/SidebarContext"[0m;
  [90m12 |[0m [36mimport[0m [33mImage[0m [36mfrom[0m [32m"next/image"[0m;

Import map: aliased to relative './src/components/header/NotificationDropdown' inside of [project]/


Import traces:
  Client Component Browser:
    ./src/layout/AppHeader.tsx [Client Component Browser]
    ./src/app/(admin)/layout.tsx [Client Component Browser]
    ./src/app/(admin)/layout.tsx [Server Component]

  Client Component SSR:
    ./src/layout/AppHeader.tsx [Client Component SSR]
    ./src/app/(admin)/layout.tsx [Client Component SSR]
    ./src/app/(admin)/layout.tsx [Server Component]

https://nextjs.org/docs/messages/module-not-found


⨯ ./src/layout/AppHeader.tsx:9:1
Error: Module not found: Can't resolve '@/components/header/NotificationDropdown'
  [90m 7 |[0m [32m"use client"[0m;
  [90m 8 |[0m [36mimport[0m { [33mThemeToggleButton[0m } [36mfrom[0m [32m"@/components/common/ThemeToggleButton"[0m;
[31m[1m>[0m [90m 9 |[0m [36mimport[0m [33mNotificationDropdown[0m [36mfrom[0m [32m"@/components/header/NotificationDropdown"[0m;
  [90m   |[0m [31m[1m^^^^^^^^^^^^^^^^^^^^^^^^^^^^^^^^^^^^^^^^^^^^^^^^^^^^^^^^^^^^^^^^^^^^^^^^^^^^[0m
  [90m10 |[0m [36mimport[0m [33mUserDropdown[0m [36mfrom[0m [32m"@/components/header/UserDropdown"[0m;
  [90m11 |[0m [36mimport[0m { useSidebar } [36mfrom[0m [32m"@/context/SidebarContext"[0m;
  [90m12 |[0m [36mimport[0m [33mImage[0m [36mfrom[0m [32m"next/image"[0m;

Import map: aliased to relative './src/components/header/NotificationDropdown' inside of [project]/


Import traces:
  Client Component Browser:
    ./src/layout/AppHeader.tsx [Client Component Browser]
    ./src/app/(admin)/layout.tsx [Client Component Browser]
    ./src/app/(admin)/layout.tsx [Server Component]

  Client Component SSR:
    ./src/layout/AppHeader.tsx [Client Component SSR]
    ./src/app/(admin)/layout.tsx [Client Component SSR]
    ./src/app/(admin)/layout.tsx [Server Component]

https://nextjs.org/docs/messages/module-not-found


⨯ ./src/layout/AppHeader.tsx:9:1
Error: Module not found: Can't resolve '@/components/header/NotificationDropdown'
  [90m 7 |[0m [32m"use client"[0m;
  [90m 8 |[0m [36mimport[0m { [33mThemeToggleButton[0m } [36mfrom[0m [32m"@/components/common/ThemeToggleButton"[0m;
[31m[1m>[0m [90m 9 |[0m [36mimport[0m [33mNotificationDropdown[0m [36mfrom[0m [32m"@/components/header/NotificationDropdown"[0m;
  [90m   |[0m [31m[1m^^^^^^^^^^^^^^^^^^^^^^^^^^^^^^^^^^^^^^^^^^^^^^^^^^^^^^^^^^^^^^^^^^^^^^^^^^^^[0m
  [90m10 |[0m [36mimport[0m [33mUserDropdown[0m [36mfrom[0m [32m"@/components/header/UserDropdown"[0m;
  [90m11 |[0m [36mimport[0m { useSidebar } [36mfrom[0m [32m"@/context/SidebarContext"[0m;
  [90m12 |[0m [36mimport[0m [33mImage[0m [36mfrom[0m [32m"next/image"[0m;

Import map: aliased to relative './src/components/header/NotificationDropdown' inside of [project]/


Import traces:
  Client Component Browser:
    ./src/layout/AppHeader.tsx [Client Component Browser]
    ./src/app/(admin)/layout.tsx [Client Component Browser]
    ./src/app/(admin)/layout.tsx [Server Component]

  Client Component SSR:
    ./src/layout/AppHeader.tsx [Client Component SSR]
    ./src/app/(admin)/layout.tsx [Client Component SSR]
    ./src/app/(admin)/layout.tsx [Server Component]

https://nextjs.org/docs/messages/module-not-found


⨯ ./src/layout/AppHeader.tsx:9:1
Error: Module not found: Can't resolve '@/components/header/NotificationDropdown'
  [90m 7 |[0m [32m"use client"[0m;
  [90m 8 |[0m [36mimport[0m { [33mThemeToggleButton[0m } [36mfrom[0m [32m"@/components/common/ThemeToggleButton"[0m;
[31m[1m>[0m [90m 9 |[0m [36mimport[0m [33mNotificationDropdown[0m [36mfrom[0m [32m"@/components/header/NotificationDropdown"[0m;
  [90m   |[0m [31m[1m^^^^^^^^^^^^^^^^^^^^^^^^^^^^^^^^^^^^^^^^^^^^^^^^^^^^^^^^^^^^^^^^^^^^^^^^^^^^[0m
  [90m10 |[0m [36mimport[0m [33mUserDropdown[0m [36mfrom[0m [32m"@/components/header/UserDropdown"[0m;
  [90m11 |[0m [36mimport[0m { useSidebar } [36mfrom[0m [32m"@/context/SidebarContext"[0m;
  [90m12 |[0m [36mimport[0m [33mImage[0m [36mfrom[0m [32m"next/image"[0m;

Import map: aliased to relative './src/components/header/NotificationDropdown' inside of [project]/


Import traces:
  Client Component Browser:
    ./src/layout/AppHeader.tsx [Client Component Browser]
    ./src/app/(admin)/layout.tsx [Client Component Browser]
    ./src/app/(admin)/layout.tsx [Server Component]

  Client Component SSR:
    ./src/layout/AppHeader.tsx [Client Component SSR]
    ./src/app/(admin)/layout.tsx [Client Component SSR]
    ./src/app/(admin)/layout.tsx [Server Component]

https://nextjs.org/docs/messages/module-not-found


⨯ ./src/layout/AppHeader.tsx:9:1
Error: Module not found: Can't resolve '@/components/header/NotificationDropdown'
  [90m 7 |[0m [32m"use client"[0m;
  [90m 8 |[0m [36mimport[0m { [33mThemeToggleButton[0m } [36mfrom[0m [32m"@/components/common/ThemeToggleButton"[0m;
[31m[1m>[0m [90m 9 |[0m [36mimport[0m [33mNotificationDropdown[0m [36mfrom[0m [32m"@/components/header/NotificationDropdown"[0m;
  [90m   |[0m [31m[1m^^^^^^^^^^^^^^^^^^^^^^^^^^^^^^^^^^^^^^^^^^^^^^^^^^^^^^^^^^^^^^^^^^^^^^^^^^^^[0m
  [90m10 |[0m [36mimport[0m [33mUserDropdown[0m [36mfrom[0m [32m"@/components/header/UserDropdown"[0m;
  [90m11 |[0m [36mimport[0m { useSidebar } [36mfrom[0m [32m"@/context/SidebarContext"[0m;
  [90m12 |[0m [36mimport[0m [33mImage[0m [36mfrom[0m [32m"next/image"[0m;

Import map: aliased to relative './src/components/header/NotificationDropdown' inside of [project]/


Import traces:
  Client Component Browser:
    ./src/layout/AppHeader.tsx [Client Component Browser]
    ./src/app/(admin)/layout.tsx [Client Component Browser]
    ./src/app/(admin)/layout.tsx [Server Component]

  Client Component SSR:
    ./src/layout/AppHeader.tsx [Client Component SSR]
    ./src/app/(admin)/layout.tsx [Client Component SSR]
    ./src/app/(admin)/layout.tsx [Server Component]

https://nextjs.org/docs/messages/module-not-found


⨯ ./src/layout/AppHeader.tsx:9:1
Error: Module not found: Can't resolve '@/components/header/NotificationDropdown'
  [90m 7 |[0m [32m"use client"[0m;
  [90m 8 |[0m [36mimport[0m { [33mThemeToggleButton[0m } [36mfrom[0m [32m"@/components/common/ThemeToggleButton"[0m;
[31m[1m>[0m [90m 9 |[0m [36mimport[0m [33mNotificationDropdown[0m [36mfrom[0m [32m"@/components/header/NotificationDropdown"[0m;
  [90m   |[0m [31m[1m^^^^^^^^^^^^^^^^^^^^^^^^^^^^^^^^^^^^^^^^^^^^^^^^^^^^^^^^^^^^^^^^^^^^^^^^^^^^[0m
  [90m10 |[0m [36mimport[0m [33mUserDropdown[0m [36mfrom[0m [32m"@/components/header/UserDropdown"[0m;
  [90m11 |[0m [36mimport[0m { useSidebar } [36mfrom[0m [32m"@/context/SidebarContext"[0m;
  [90m12 |[0m [36mimport[0m [33mImage[0m [36mfrom[0m [32m"next/image"[0m;

Import map: aliased to relative './src/components/header/NotificationDropdown' inside of [project]/


Import traces:
  Client Component Browser:
    ./src/layout/AppHeader.tsx [Client Component Browser]
    ./src/app/(admin)/layout.tsx [Client Component Browser]
    ./src/app/(admin)/layout.tsx [Server Component]

  Client Component SSR:
    ./src/layout/AppHeader.tsx [Client Component SSR]
    ./src/app/(admin)/layout.tsx [Client Component SSR]
    ./src/app/(admin)/layout.tsx [Server Component]

https://nextjs.org/docs/messages/module-not-found


⨯ ./src/layout/AppHeader.tsx:9:1
Error: Module not found: Can't resolve '@/components/header/NotificationDropdown'
  [90m 7 |[0m [32m"use client"[0m;
  [90m 8 |[0m [36mimport[0m { [33mThemeToggleButton[0m } [36mfrom[0m [32m"@/components/common/ThemeToggleButton"[0m;
[31m[1m>[0m [90m 9 |[0m [36mimport[0m [33mNotificationDropdown[0m [36mfrom[0m [32m"@/components/header/NotificationDropdown"[0m;
  [90m   |[0m [31m[1m^^^^^^^^^^^^^^^^^^^^^^^^^^^^^^^^^^^^^^^^^^^^^^^^^^^^^^^^^^^^^^^^^^^^^^^^^^^^[0m
  [90m10 |[0m [36mimport[0m [33mUserDropdown[0m [36mfrom[0m [32m"@/components/header/UserDropdown"[0m;
  [90m11 |[0m [36mimport[0m { useSidebar } [36mfrom[0m [32m"@/context/SidebarContext"[0m;
  [90m12 |[0m [36mimport[0m [33mImage[0m [36mfrom[0m [32m"next/image"[0m;

Import map: aliased to relative './src/components/header/NotificationDropdown' inside of [project]/


Import traces:
  Client Component Browser:
    ./src/layout/AppHeader.tsx [Client Component Browser]
    ./src/app/(admin)/layout.tsx [Client Component Browser]
    ./src/app/(admin)/layout.tsx [Server Component]

  Client Component SSR:
    ./src/layout/AppHeader.tsx [Client Component SSR]
    ./src/app/(admin)/layout.tsx [Client Component SSR]
    ./src/app/(admin)/layout.tsx [Server Component]

https://nextjs.org/docs/messages/module-not-found


⨯ ./src/layout/AppHeader.tsx:9:1
Error: Module not found: Can't resolve '@/components/header/NotificationDropdown'
  [90m 7 |[0m [32m"use client"[0m;
  [90m 8 |[0m [36mimport[0m { [33mThemeToggleButton[0m } [36mfrom[0m [32m"@/components/common/ThemeToggleButton"[0m;
[31m[1m>[0m [90m 9 |[0m [36mimport[0m [33mNotificationDropdown[0m [36mfrom[0m [32m"@/components/header/NotificationDropdown"[0m;
  [90m   |[0m [31m[1m^^^^^^^^^^^^^^^^^^^^^^^^^^^^^^^^^^^^^^^^^^^^^^^^^^^^^^^^^^^^^^^^^^^^^^^^^^^^[0m
  [90m10 |[0m [36mimport[0m [33mUserDropdown[0m [36mfrom[0m [32m"@/components/header/UserDropdown"[0m;
  [90m11 |[0m [36mimport[0m { useSidebar } [36mfrom[0m [32m"@/context/SidebarContext"[0m;
  [90m12 |[0m [36mimport[0m [33mImage[0m [36mfrom[0m [32m"next/image"[0m;

Import map: aliased to relative './src/components/header/NotificationDropdown' inside of [project]/


Import traces:
  Client Component Browser:
    ./src/layout/AppHeader.tsx [Client Component Browser]
    ./src/app/(admin)/layout.tsx [Client Component Browser]
    ./src/app/(admin)/layout.tsx [Server Component]

  Client Component SSR:
    ./src/layout/AppHeader.tsx [Client Component SSR]
    ./src/app/(admin)/layout.tsx [Client Component SSR]
    ./src/app/(admin)/layout.tsx [Server Component]

https://nextjs.org/docs/messages/module-not-found


⨯ ./src/layout/AppHeader.tsx:9:1
Error: Module not found: Can't resolve '@/components/header/NotificationDropdown'
  [90m 7 |[0m [32m"use client"[0m;
  [90m 8 |[0m [36mimport[0m { [33mThemeToggleButton[0m } [36mfrom[0m [32m"@/components/common/ThemeToggleButton"[0m;
[31m[1m>[0m [90m 9 |[0m [36mimport[0m [33mNotificationDropdown[0m [36mfrom[0m [32m"@/components/header/NotificationDropdown"[0m;
  [90m   |[0m [31m[1m^^^^^^^^^^^^^^^^^^^^^^^^^^^^^^^^^^^^^^^^^^^^^^^^^^^^^^^^^^^^^^^^^^^^^^^^^^^^[0m
  [90m10 |[0m [36mimport[0m [33mUserDropdown[0m [36mfrom[0m [32m"@/components/header/UserDropdown"[0m;
  [90m11 |[0m [36mimport[0m { useSidebar } [36mfrom[0m [32m"@/context/SidebarContext"[0m;
  [90m12 |[0m [36mimport[0m [33mImage[0m [36mfrom[0m [32m"next/image"[0m;

Import map: aliased to relative './src/components/header/NotificationDropdown' inside of [project]/


Import traces:
  Client Component Browser:
    ./src/layout/AppHeader.tsx [Client Component Browser]
    ./src/app/(admin)/layout.tsx [Client Component Browser]
    ./src/app/(admin)/layout.tsx [Server Component]

  Client Component SSR:
    ./src/layout/AppHeader.tsx [Client Component SSR]
    ./src/app/(admin)/layout.tsx [Client Component SSR]
    ./src/app/(admin)/layout.tsx [Server Component]

https://nextjs.org/docs/messages/module-not-found


⨯ ./src/layout/AppHeader.tsx:9:1
Error: Module not found: Can't resolve '@/components/header/NotificationDropdown'
  [90m 7 |[0m [32m"use client"[0m;
  [90m 8 |[0m [36mimport[0m { [33mThemeToggleButton[0m } [36mfrom[0m [32m"@/components/common/ThemeToggleButton"[0m;
[31m[1m>[0m [90m 9 |[0m [36mimport[0m [33mNotificationDropdown[0m [36mfrom[0m [32m"@/components/header/NotificationDropdown"[0m;
  [90m   |[0m [31m[1m^^^^^^^^^^^^^^^^^^^^^^^^^^^^^^^^^^^^^^^^^^^^^^^^^^^^^^^^^^^^^^^^^^^^^^^^^^^^[0m
  [90m10 |[0m [36mimport[0m [33mUserDropdown[0m [36mfrom[0m [32m"@/components/header/UserDropdown"[0m;
  [90m11 |[0m [36mimport[0m { useSidebar } [36mfrom[0m [32m"@/context/SidebarContext"[0m;
  [90m12 |[0m [36mimport[0m [33mImage[0m [36mfrom[0m [32m"next/image"[0m;

Import map: aliased to relative './src/components/header/NotificationDropdown' inside of [project]/


Import traces:
  Client Component Browser:
    ./src/layout/AppHeader.tsx [Client Component Browser]
    ./src/app/(admin)/layout.tsx [Client Component Browser]
    ./src/app/(admin)/layout.tsx [Server Component]

  Client Component SSR:
    ./src/layout/AppHeader.tsx [Client Component SSR]
    ./src/app/(admin)/layout.tsx [Client Component SSR]
    ./src/app/(admin)/layout.tsx [Server Component]

https://nextjs.org/docs/messages/module-not-found


⨯ ./src/layout/AppHeader.tsx:9:1
Error: Module not found: Can't resolve '@/components/header/NotificationDropdown'
  [90m 7 |[0m [32m"use client"[0m;
  [90m 8 |[0m [36mimport[0m { [33mThemeToggleButton[0m } [36mfrom[0m [32m"@/components/common/ThemeToggleButton"[0m;
[31m[1m>[0m [90m 9 |[0m [36mimport[0m [33mNotificationDropdown[0m [36mfrom[0m [32m"@/components/header/NotificationDropdown"[0m;
  [90m   |[0m [31m[1m^^^^^^^^^^^^^^^^^^^^^^^^^^^^^^^^^^^^^^^^^^^^^^^^^^^^^^^^^^^^^^^^^^^^^^^^^^^^[0m
  [90m10 |[0m [36mimport[0m [33mUserDropdown[0m [36mfrom[0m [32m"@/components/header/UserDropdown"[0m;
  [90m11 |[0m [36mimport[0m { useSidebar } [36mfrom[0m [32m"@/context/SidebarContext"[0m;
  [90m12 |[0m [36mimport[0m [33mImage[0m [36mfrom[0m [32m"next/image"[0m;

Import map: aliased to relative './src/components/header/NotificationDropdown' inside of [project]/


Import traces:
  Client Component Browser:
    ./src/layout/AppHeader.tsx [Client Component Browser]
    ./src/app/(admin)/layout.tsx [Client Component Browser]
    ./src/app/(admin)/layout.tsx [Server Component]

  Client Component SSR:
    ./src/layout/AppHeader.tsx [Client Component SSR]
    ./src/app/(admin)/layout.tsx [Client Component SSR]
    ./src/app/(admin)/layout.tsx [Server Component]

https://nextjs.org/docs/messages/module-not-found


⨯ ./src/layout/AppHeader.tsx:9:1
Error: Module not found: Can't resolve '@/components/header/NotificationDropdown'
  [90m 7 |[0m [32m"use client"[0m;
  [90m 8 |[0m [36mimport[0m { [33mThemeToggleButton[0m } [36mfrom[0m [32m"@/components/common/ThemeToggleButton"[0m;
[31m[1m>[0m [90m 9 |[0m [36mimport[0m [33mNotificationDropdown[0m [36mfrom[0m [32m"@/components/header/NotificationDropdown"[0m;
  [90m   |[0m [31m[1m^^^^^^^^^^^^^^^^^^^^^^^^^^^^^^^^^^^^^^^^^^^^^^^^^^^^^^^^^^^^^^^^^^^^^^^^^^^^[0m
  [90m10 |[0m [36mimport[0m [33mUserDropdown[0m [36mfrom[0m [32m"@/components/header/UserDropdown"[0m;
  [90m11 |[0m [36mimport[0m { useSidebar } [36mfrom[0m [32m"@/context/SidebarContext"[0m;
  [90m12 |[0m [36mimport[0m [33mImage[0m [36mfrom[0m [32m"next/image"[0m;

Import map: aliased to relative './src/components/header/NotificationDropdown' inside of [project]/


Import traces:
  Client Component Browser:
    ./src/layout/AppHeader.tsx [Client Component Browser]
    ./src/app/(admin)/layout.tsx [Client Component Browser]
    ./src/app/(admin)/layout.tsx [Server Component]

  Client Component SSR:
    ./src/layout/AppHeader.tsx [Client Component SSR]
    ./src/app/(admin)/layout.tsx [Client Component SSR]
    ./src/app/(admin)/layout.tsx [Server Component]

https://nextjs.org/docs/messages/module-not-found


⨯ ./src/layout/AppHeader.tsx:9:1
Error: Module not found: Can't resolve '@/components/header/NotificationDropdown'
  [90m 7 |[0m [32m"use client"[0m;
  [90m 8 |[0m [36mimport[0m { [33mThemeToggleButton[0m } [36mfrom[0m [32m"@/components/common/ThemeToggleButton"[0m;
[31m[1m>[0m [90m 9 |[0m [36mimport[0m [33mNotificationDropdown[0m [36mfrom[0m [32m"@/components/header/NotificationDropdown"[0m;
  [90m   |[0m [31m[1m^^^^^^^^^^^^^^^^^^^^^^^^^^^^^^^^^^^^^^^^^^^^^^^^^^^^^^^^^^^^^^^^^^^^^^^^^^^^[0m
  [90m10 |[0m [36mimport[0m [33mUserDropdown[0m [36mfrom[0m [32m"@/components/header/UserDropdown"[0m;
  [90m11 |[0m [36mimport[0m { useSidebar } [36mfrom[0m [32m"@/context/SidebarContext"[0m;
  [90m12 |[0m [36mimport[0m [33mImage[0m [36mfrom[0m [32m"next/image"[0m;

Import map: aliased to relative './src/components/header/NotificationDropdown' inside of [project]/


Import traces:
  Client Component Browser:
    ./src/layout/AppHeader.tsx [Client Component Browser]
    ./src/app/(admin)/layout.tsx [Client Component Browser]
    ./src/app/(admin)/layout.tsx [Server Component]

  Client Component SSR:
    ./src/layout/AppHeader.tsx [Client Component SSR]
    ./src/app/(admin)/layout.tsx [Client Component SSR]
    ./src/app/(admin)/layout.tsx [Server Component]

https://nextjs.org/docs/messages/module-not-found


⨯ ./src/layout/AppHeader.tsx:9:1
Error: Module not found: Can't resolve '@/components/header/NotificationDropdown'
  [90m 7 |[0m [32m"use client"[0m;
  [90m 8 |[0m [36mimport[0m { [33mThemeToggleButton[0m } [36mfrom[0m [32m"@/components/common/ThemeToggleButton"[0m;
[31m[1m>[0m [90m 9 |[0m [36mimport[0m [33mNotificationDropdown[0m [36mfrom[0m [32m"@/components/header/NotificationDropdown"[0m;
  [90m   |[0m [31m[1m^^^^^^^^^^^^^^^^^^^^^^^^^^^^^^^^^^^^^^^^^^^^^^^^^^^^^^^^^^^^^^^^^^^^^^^^^^^^[0m
  [90m10 |[0m [36mimport[0m [33mUserDropdown[0m [36mfrom[0m [32m"@/components/header/UserDropdown"[0m;
  [90m11 |[0m [36mimport[0m { useSidebar } [36mfrom[0m [32m"@/context/SidebarContext"[0m;
  [90m12 |[0m [36mimport[0m [33mImage[0m [36mfrom[0m [32m"next/image"[0m;

Import map: aliased to relative './src/components/header/NotificationDropdown' inside of [project]/


Import traces:
  Client Component Browser:
    ./src/layout/AppHeader.tsx [Client Component Browser]
    ./src/app/(admin)/layout.tsx [Client Component Browser]
    ./src/app/(admin)/layout.tsx [Server Component]

  Client Component SSR:
    ./src/layout/AppHeader.tsx [Client Component SSR]
    ./src/app/(admin)/layout.tsx [Client Component SSR]
    ./src/app/(admin)/layout.tsx [Server Component]

https://nextjs.org/docs/messages/module-not-found


⨯ ./src/layout/AppHeader.tsx:9:1
Error: Module not found: Can't resolve '@/components/header/NotificationDropdown'
  [90m 7 |[0m [32m"use client"[0m;
  [90m 8 |[0m [36mimport[0m { [33mThemeToggleButton[0m } [36mfrom[0m [32m"@/components/common/ThemeToggleButton"[0m;
[31m[1m>[0m [90m 9 |[0m [36mimport[0m [33mNotificationDropdown[0m [36mfrom[0m [32m"@/components/header/NotificationDropdown"[0m;
  [90m   |[0m [31m[1m^^^^^^^^^^^^^^^^^^^^^^^^^^^^^^^^^^^^^^^^^^^^^^^^^^^^^^^^^^^^^^^^^^^^^^^^^^^^[0m
  [90m10 |[0m [36mimport[0m [33mUserDropdown[0m [36mfrom[0m [32m"@/components/header/UserDropdown"[0m;
  [90m11 |[0m [36mimport[0m { useSidebar } [36mfrom[0m [32m"@/context/SidebarContext"[0m;
  [90m12 |[0m [36mimport[0m [33mImage[0m [36mfrom[0m [32m"next/image"[0m;

Import map: aliased to relative './src/components/header/NotificationDropdown' inside of [project]/


Import traces:
  Client Component Browser:
    ./src/layout/AppHeader.tsx [Client Component Browser]
    ./src/app/(admin)/layout.tsx [Client Component Browser]
    ./src/app/(admin)/layout.tsx [Server Component]

  Client Component SSR:
    ./src/layout/AppHeader.tsx [Client Component SSR]
    ./src/app/(admin)/layout.tsx [Client Component SSR]
    ./src/app/(admin)/layout.tsx [Server Component]

https://nextjs.org/docs/messages/module-not-found


⨯ ./src/layout/AppHeader.tsx:9:1
Error: Module not found: Can't resolve '@/components/header/NotificationDropdown'
  [90m 7 |[0m [32m"use client"[0m;
  [90m 8 |[0m [36mimport[0m { [33mThemeToggleButton[0m } [36mfrom[0m [32m"@/components/common/ThemeToggleButton"[0m;
[31m[1m>[0m [90m 9 |[0m [36mimport[0m [33mNotificationDropdown[0m [36mfrom[0m [32m"@/components/header/NotificationDropdown"[0m;
  [90m   |[0m [31m[1m^^^^^^^^^^^^^^^^^^^^^^^^^^^^^^^^^^^^^^^^^^^^^^^^^^^^^^^^^^^^^^^^^^^^^^^^^^^^[0m
  [90m10 |[0m [36mimport[0m [33mUserDropdown[0m [36mfrom[0m [32m"@/components/header/UserDropdown"[0m;
  [90m11 |[0m [36mimport[0m { useSidebar } [36mfrom[0m [32m"@/context/SidebarContext"[0m;
  [90m12 |[0m [36mimport[0m [33mImage[0m [36mfrom[0m [32m"next/image"[0m;

Import map: aliased to relative './src/components/header/NotificationDropdown' inside of [project]/


Import traces:
  Client Component Browser:
    ./src/layout/AppHeader.tsx [Client Component Browser]
    ./src/app/(admin)/layout.tsx [Client Component Browser]
    ./src/app/(admin)/layout.tsx [Server Component]

  Client Component SSR:
    ./src/layout/AppHeader.tsx [Client Component SSR]
    ./src/app/(admin)/layout.tsx [Client Component SSR]
    ./src/app/(admin)/layout.tsx [Server Component]

https://nextjs.org/docs/messages/module-not-found


⨯ ./src/layout/AppHeader.tsx:9:1
Error: Module not found: Can't resolve '@/components/header/NotificationDropdown'
  [90m 7 |[0m [32m"use client"[0m;
  [90m 8 |[0m [36mimport[0m { [33mThemeToggleButton[0m } [36mfrom[0m [32m"@/components/common/ThemeToggleButton"[0m;
[31m[1m>[0m [90m 9 |[0m [36mimport[0m [33mNotificationDropdown[0m [36mfrom[0m [32m"@/components/header/NotificationDropdown"[0m;
  [90m   |[0m [31m[1m^^^^^^^^^^^^^^^^^^^^^^^^^^^^^^^^^^^^^^^^^^^^^^^^^^^^^^^^^^^^^^^^^^^^^^^^^^^^[0m
  [90m10 |[0m [36mimport[0m [33mUserDropdown[0m [36mfrom[0m [32m"@/components/header/UserDropdown"[0m;
  [90m11 |[0m [36mimport[0m { useSidebar } [36mfrom[0m [32m"@/context/SidebarContext"[0m;
  [90m12 |[0m [36mimport[0m [33mImage[0m [36mfrom[0m [32m"next/image"[0m;

Import map: aliased to relative './src/components/header/NotificationDropdown' inside of [project]/


Import traces:
  Client Component Browser:
    ./src/layout/AppHeader.tsx [Client Component Browser]
    ./src/app/(admin)/layout.tsx [Client Component Browser]
    ./src/app/(admin)/layout.tsx [Server Component]

  Client Component SSR:
    ./src/layout/AppHeader.tsx [Client Component SSR]
    ./src/app/(admin)/layout.tsx [Client Component SSR]
    ./src/app/(admin)/layout.tsx [Server Component]

https://nextjs.org/docs/messages/module-not-found


⨯ ./src/layout/AppHeader.tsx:9:1
Error: Module not found: Can't resolve '@/components/header/NotificationDropdown'
  [90m 7 |[0m [32m"use client"[0m;
  [90m 8 |[0m [36mimport[0m { [33mThemeToggleButton[0m } [36mfrom[0m [32m"@/components/common/ThemeToggleButton"[0m;
[31m[1m>[0m [90m 9 |[0m [36mimport[0m [33mNotificationDropdown[0m [36mfrom[0m [32m"@/components/header/NotificationDropdown"[0m;
  [90m   |[0m [31m[1m^^^^^^^^^^^^^^^^^^^^^^^^^^^^^^^^^^^^^^^^^^^^^^^^^^^^^^^^^^^^^^^^^^^^^^^^^^^^[0m
  [90m10 |[0m [36mimport[0m [33mUserDropdown[0m [36mfrom[0m [32m"@/components/header/UserDropdown"[0m;
  [90m11 |[0m [36mimport[0m { useSidebar } [36mfrom[0m [32m"@/context/SidebarContext"[0m;
  [90m12 |[0m [36mimport[0m [33mImage[0m [36mfrom[0m [32m"next/image"[0m;

Import map: aliased to relative './src/components/header/NotificationDropdown' inside of [project]/


Import traces:
  Client Component Browser:
    ./src/layout/AppHeader.tsx [Client Component Browser]
    ./src/app/(admin)/layout.tsx [Client Component Browser]
    ./src/app/(admin)/layout.tsx [Server Component]

  Client Component SSR:
    ./src/layout/AppHeader.tsx [Client Component SSR]
    ./src/app/(admin)/layout.tsx [Client Component SSR]
    ./src/app/(admin)/layout.tsx [Server Component]

https://nextjs.org/docs/messages/module-not-found


⨯ ./src/layout/AppHeader.tsx:9:1
Error: Module not found: Can't resolve '@/components/header/NotificationDropdown'
  [90m 7 |[0m [32m"use client"[0m;
  [90m 8 |[0m [36mimport[0m { [33mThemeToggleButton[0m } [36mfrom[0m [32m"@/components/common/ThemeToggleButton"[0m;
[31m[1m>[0m [90m 9 |[0m [36mimport[0m [33mNotificationDropdown[0m [36mfrom[0m [32m"@/components/header/NotificationDropdown"[0m;
  [90m   |[0m [31m[1m^^^^^^^^^^^^^^^^^^^^^^^^^^^^^^^^^^^^^^^^^^^^^^^^^^^^^^^^^^^^^^^^^^^^^^^^^^^^[0m
  [90m10 |[0m [36mimport[0m [33mUserDropdown[0m [36mfrom[0m [32m"@/components/header/UserDropdown"[0m;
  [90m11 |[0m [36mimport[0m { useSidebar } [36mfrom[0m [32m"@/context/SidebarContext"[0m;
  [90m12 |[0m [36mimport[0m [33mImage[0m [36mfrom[0m [32m"next/image"[0m;

Import map: aliased to relative './src/components/header/NotificationDropdown' inside of [project]/


Import traces:
  Client Component Browser:
    ./src/layout/AppHeader.tsx [Client Component Browser]
    ./src/app/(admin)/layout.tsx [Client Component Browser]
    ./src/app/(admin)/layout.tsx [Server Component]

  Client Component SSR:
    ./src/layout/AppHeader.tsx [Client Component SSR]
    ./src/app/(admin)/layout.tsx [Client Component SSR]
    ./src/app/(admin)/layout.tsx [Server Component]

https://nextjs.org/docs/messages/module-not-found


⨯ ./src/layout/AppHeader.tsx:9:1
Error: Module not found: Can't resolve '@/components/header/NotificationDropdown'
  [90m 7 |[0m [32m"use client"[0m;
  [90m 8 |[0m [36mimport[0m { [33mThemeToggleButton[0m } [36mfrom[0m [32m"@/components/common/ThemeToggleButton"[0m;
[31m[1m>[0m [90m 9 |[0m [36mimport[0m [33mNotificationDropdown[0m [36mfrom[0m [32m"@/components/header/NotificationDropdown"[0m;
  [90m   |[0m [31m[1m^^^^^^^^^^^^^^^^^^^^^^^^^^^^^^^^^^^^^^^^^^^^^^^^^^^^^^^^^^^^^^^^^^^^^^^^^^^^[0m
  [90m10 |[0m [36mimport[0m [33mUserDropdown[0m [36mfrom[0m [32m"@/components/header/UserDropdown"[0m;
  [90m11 |[0m [36mimport[0m { useSidebar } [36mfrom[0m [32m"@/context/SidebarContext"[0m;
  [90m12 |[0m [36mimport[0m [33mImage[0m [36mfrom[0m [32m"next/image"[0m;

Import map: aliased to relative './src/components/header/NotificationDropdown' inside of [project]/


Import traces:
  Client Component Browser:
    ./src/layout/AppHeader.tsx [Client Component Browser]
    ./src/app/(admin)/layout.tsx [Client Component Browser]
    ./src/app/(admin)/layout.tsx [Server Component]

  Client Component SSR:
    ./src/layout/AppHeader.tsx [Client Component SSR]
    ./src/app/(admin)/layout.tsx [Client Component SSR]
    ./src/app/(admin)/layout.tsx [Server Component]

https://nextjs.org/docs/messages/module-not-found


⨯ ./src/layout/AppHeader.tsx:9:1
Error: Module not found: Can't resolve '@/components/header/NotificationDropdown'
  [90m 7 |[0m [32m"use client"[0m;
  [90m 8 |[0m [36mimport[0m { [33mThemeToggleButton[0m } [36mfrom[0m [32m"@/components/common/ThemeToggleButton"[0m;
[31m[1m>[0m [90m 9 |[0m [36mimport[0m [33mNotificationDropdown[0m [36mfrom[0m [32m"@/components/header/NotificationDropdown"[0m;
  [90m   |[0m [31m[1m^^^^^^^^^^^^^^^^^^^^^^^^^^^^^^^^^^^^^^^^^^^^^^^^^^^^^^^^^^^^^^^^^^^^^^^^^^^^[0m
  [90m10 |[0m [36mimport[0m [33mUserDropdown[0m [36mfrom[0m [32m"@/components/header/UserDropdown"[0m;
  [90m11 |[0m [36mimport[0m { useSidebar } [36mfrom[0m [32m"@/context/SidebarContext"[0m;
  [90m12 |[0m [36mimport[0m [33mImage[0m [36mfrom[0m [32m"next/image"[0m;

Import map: aliased to relative './src/components/header/NotificationDropdown' inside of [project]/


Import traces:
  Client Component Browser:
    ./src/layout/AppHeader.tsx [Client Component Browser]
    ./src/app/(admin)/layout.tsx [Client Component Browser]
    ./src/app/(admin)/layout.tsx [Server Component]

  Client Component SSR:
    ./src/layout/AppHeader.tsx [Client Component SSR]
    ./src/app/(admin)/layout.tsx [Client Component SSR]
    ./src/app/(admin)/layout.tsx [Server Component]

https://nextjs.org/docs/messages/module-not-found


⨯ ./src/layout/AppHeader.tsx:9:1
Error: Module not found: Can't resolve '@/components/header/NotificationDropdown'
  [90m 7 |[0m [32m"use client"[0m;
  [90m 8 |[0m [36mimport[0m { [33mThemeToggleButton[0m } [36mfrom[0m [32m"@/components/common/ThemeToggleButton"[0m;
[31m[1m>[0m [90m 9 |[0m [36mimport[0m [33mNotificationDropdown[0m [36mfrom[0m [32m"@/components/header/NotificationDropdown"[0m;
  [90m   |[0m [31m[1m^^^^^^^^^^^^^^^^^^^^^^^^^^^^^^^^^^^^^^^^^^^^^^^^^^^^^^^^^^^^^^^^^^^^^^^^^^^^[0m
  [90m10 |[0m [36mimport[0m [33mUserDropdown[0m [36mfrom[0m [32m"@/components/header/UserDropdown"[0m;
  [90m11 |[0m [36mimport[0m { useSidebar } [36mfrom[0m [32m"@/context/SidebarContext"[0m;
  [90m12 |[0m [36mimport[0m [33mImage[0m [36mfrom[0m [32m"next/image"[0m;

Import map: aliased to relative './src/components/header/NotificationDropdown' inside of [project]/


Import traces:
  Client Component Browser:
    ./src/layout/AppHeader.tsx [Client Component Browser]
    ./src/app/(admin)/layout.tsx [Client Component Browser]
    ./src/app/(admin)/layout.tsx [Server Component]

  Client Component SSR:
    ./src/layout/AppHeader.tsx [Client Component SSR]
    ./src/app/(admin)/layout.tsx [Client Component SSR]
    ./src/app/(admin)/layout.tsx [Server Component]

https://nextjs.org/docs/messages/module-not-found


⨯ ./src/layout/AppHeader.tsx:9:1
Error: Module not found: Can't resolve '@/components/header/NotificationDropdown'
  [90m 7 |[0m [32m"use client"[0m;
  [90m 8 |[0m [36mimport[0m { [33mThemeToggleButton[0m } [36mfrom[0m [32m"@/components/common/ThemeToggleButton"[0m;
[31m[1m>[0m [90m 9 |[0m [36mimport[0m [33mNotificationDropdown[0m [36mfrom[0m [32m"@/components/header/NotificationDropdown"[0m;
  [90m   |[0m [31m[1m^^^^^^^^^^^^^^^^^^^^^^^^^^^^^^^^^^^^^^^^^^^^^^^^^^^^^^^^^^^^^^^^^^^^^^^^^^^^[0m
  [90m10 |[0m [36mimport[0m [33mUserDropdown[0m [36mfrom[0m [32m"@/components/header/UserDropdown"[0m;
  [90m11 |[0m [36mimport[0m { useSidebar } [36mfrom[0m [32m"@/context/SidebarContext"[0m;
  [90m12 |[0m [36mimport[0m [33mImage[0m [36mfrom[0m [32m"next/image"[0m;

Import map: aliased to relative './src/components/header/NotificationDropdown' inside of [project]/


Import traces:
  Client Component Browser:
    ./src/layout/AppHeader.tsx [Client Component Browser]
    ./src/app/(admin)/layout.tsx [Client Component Browser]
    ./src/app/(admin)/layout.tsx [Server Component]

  Client Component SSR:
    ./src/layout/AppHeader.tsx [Client Component SSR]
    ./src/app/(admin)/layout.tsx [Client Component SSR]
    ./src/app/(admin)/layout.tsx [Server Component]

https://nextjs.org/docs/messages/module-not-found


⨯ ./src/layout/AppHeader.tsx:9:1
Error: Module not found: Can't resolve '@/components/header/NotificationDropdown'
  [90m 7 |[0m [32m"use client"[0m;
  [90m 8 |[0m [36mimport[0m { [33mThemeToggleButton[0m } [36mfrom[0m [32m"@/components/common/ThemeToggleButton"[0m;
[31m[1m>[0m [90m 9 |[0m [36mimport[0m [33mNotificationDropdown[0m [36mfrom[0m [32m"@/components/header/NotificationDropdown"[0m;
  [90m   |[0m [31m[1m^^^^^^^^^^^^^^^^^^^^^^^^^^^^^^^^^^^^^^^^^^^^^^^^^^^^^^^^^^^^^^^^^^^^^^^^^^^^[0m
  [90m10 |[0m [36mimport[0m [33mUserDropdown[0m [36mfrom[0m [32m"@/components/header/UserDropdown"[0m;
  [90m11 |[0m [36mimport[0m { useSidebar } [36mfrom[0m [32m"@/context/SidebarContext"[0m;
  [90m12 |[0m [36mimport[0m [33mImage[0m [36mfrom[0m [32m"next/image"[0m;

Import map: aliased to relative './src/components/header/NotificationDropdown' inside of [project]/


Import traces:
  Client Component Browser:
    ./src/layout/AppHeader.tsx [Client Component Browser]
    ./src/app/(admin)/layout.tsx [Client Component Browser]
    ./src/app/(admin)/layout.tsx [Server Component]

  Client Component SSR:
    ./src/layout/AppHeader.tsx [Client Component SSR]
    ./src/app/(admin)/layout.tsx [Client Component SSR]
    ./src/app/(admin)/layout.tsx [Server Component]

https://nextjs.org/docs/messages/module-not-found


