▲ Next.js 16.3.0 (Turbopack)
- Local:         http://localhost:3000
- Network:       http://172.19.64.1:3000
- Environments: .env.local
✓ Ready in 418ms
✓ Running next.config.ts took 37ms
- Experiments (use with caution):
  · optimizePackageImports

 GET / 200 in 992ms (next.js: 564ms, application-code: 428ms)
 GET / 200 in 105ms (next.js: 2ms, application-code: 103ms)
 GET / 200 in 121ms (next.js: 8ms, application-code: 114ms)
 GET /products 200 in 471ms (next.js: 347ms, proxy.ts: 46ms, application-code: 78ms)
 GET /products?category=mirrorless-camera 200 in 41ms (next.js: 4ms, proxy.ts: 4ms, application-code: 33ms)
 GET /products?category=compact-camera 200 in 46ms (next.js: 4ms, proxy.ts: 4ms, application-code: 38ms)
 GET /products 200 in 45ms (next.js: 2ms, proxy.ts: 12ms, application-code: 31ms)
 GET /products?category=action-camera 200 in 42ms (next.js: 3ms, proxy.ts: 4ms, application-code: 36ms)
 GET /products?category=compact-camera 200 in 47ms (next.js: 3ms, proxy.ts: 4ms, application-code: 39ms)
 GET /products?category=video-camera 200 in 47ms (next.js: 3ms, proxy.ts: 3ms, application-code: 41ms)
 GET /products?category=kids-camera 200 in 39ms (next.js: 3ms, proxy.ts: 3ms, application-code: 34ms)
 GET /products?category=lens 200 in 44ms (next.js: 2ms, proxy.ts: 4ms, application-code: 37ms)
 GET /about 200 in 337ms (next.js: 303ms, application-code: 34ms)
 GET /news 200 in 194ms (next.js: 138ms, application-code: 56ms)
 GET /contact 200 in 71ms (next.js: 26ms, application-code: 45ms)
 GET / 200 in 179ms (next.js: 6ms, application-code: 172ms)
 GET /products 200 in 216ms (next.js: 4ms, proxy.ts: 11ms, application-code: 201ms)
 GET /products/mirrorless-camera/dc226 200 in 701ms (next.js: 33ms, proxy.ts: 3ms, generate-params: 411ms, application-code: 253ms)
 GET /contact 200 in 204ms (next.js: 3ms, application-code: 201ms)
 GET / 200 in 165ms (next.js: 5ms, application-code: 160ms)
 GET / 200 in 193ms (next.js: 4ms, application-code: 188ms)
 GET /products/compact-camera/dc417x 200 in 327ms (next.js: 104ms, proxy.ts: 8ms, generate-params: 15ms, application-code: 199ms)
 GET / 200 in 133ms (next.js: 3ms, application-code: 130ms)
 GET / 200 in 104ms (next.js: 2ms, application-code: 102ms)
 GET / 200 in 106ms (next.js: 6ms, application-code: 100ms)
 GET /products/compact-camera/dc417x 200 in 110ms (next.js: 3ms, proxy.ts: 4ms, generate-params: 12ms, application-code: 91ms)
 GET / 200 in 122ms (next.js: 3ms, application-code: 119ms)
 GET /products/compact-camera/dc417x 200 in 115ms (next.js: 4ms, proxy.ts: 3ms, generate-params: 5ms, application-code: 103ms)
 GET / 200 in 111ms (next.js: 2ms, application-code: 109ms)
 GET /products/compact-camera/dc417x 200 in 147ms (next.js: 6ms, proxy.ts: 4ms, generate-params: 8ms, application-code: 129ms)
 GET / 200 in 125ms (next.js: 3ms, application-code: 122ms)
 GET /products/compact-camera/dc417x 200 in 106ms (next.js: 3ms, proxy.ts: 3ms, generate-params: 6ms, application-code: 94ms)
 GET / 200 in 121ms (next.js: 1.8ms, application-code: 120ms)
 GET / 200 in 127ms (next.js: 2ms, application-code: 125ms)
 GET /contact 200 in 92ms (next.js: 4ms, application-code: 89ms)
 GET /products/compact-camera/dc417x 200 in 118ms (next.js: 4ms, proxy.ts: 4ms, generate-params: 7ms, application-code: 103ms)
 GET / 200 in 133ms (next.js: 2ms, application-code: 130ms)
 GET /products/compact-camera/dc417x 200 in 113ms (next.js: 3ms, proxy.ts: 3ms, generate-params: 4ms, application-code: 103ms)
 GET / 200 in 105ms (next.js: 1.6ms, application-code: 103ms)
 GET /products/compact-camera/dc417x 200 in 93ms (next.js: 3ms, proxy.ts: 3ms, generate-params: 6ms, application-code: 80ms)
 GET / 200 in 94ms (next.js: 2ms, application-code: 91ms)
 GET /products/compact-camera/dc417x 200 in 115ms (next.js: 3ms, proxy.ts: 3ms, generate-params: 7ms, application-code: 102ms)
 GET / 200 in 105ms (next.js: 4ms, application-code: 101ms)
 GET / 200 in 91ms (next.js: 1.8ms, application-code: 89ms)
 GET /products/compact-camera/dc417x 200 in 92ms (next.js: 3ms, proxy.ts: 3ms, generate-params: 5ms, application-code: 81ms)
 GET /products/compact-camera/dc417x 200 in 104ms (next.js: 3ms, proxy.ts: 4ms, generate-params: 7ms, application-code: 90ms)
 GET / 200 in 114ms (next.js: 3ms, application-code: 111ms)
 GET /products/compact-camera/dc417x 200 in 103ms (next.js: 3ms, proxy.ts: 3ms, generate-params: 6ms, application-code: 91ms)
 GET / 200 in 105ms (next.js: 3ms, application-code: 102ms)
 GET /products/compact-camera/dc417x 200 in 104ms (next.js: 4ms, proxy.ts: 3ms, generate-params: 5ms, application-code: 92ms)
 GET / 200 in 115ms (next.js: 5ms, application-code: 110ms)
 GET /products/compact-camera/dc417x 200 in 116ms (next.js: 6ms, proxy.ts: 6ms, generate-params: 7ms, application-code: 96ms)
 GET / 200 in 104ms (next.js: 2ms, application-code: 101ms)
 GET /products/compact-camera/dc417x 200 in 89ms (next.js: 3ms, proxy.ts: 4ms, generate-params: 5ms, application-code: 77ms)
 GET / 200 in 99ms (next.js: 2ms, application-code: 96ms)
 GET /products/compact-camera/dc417x 200 in 94ms (next.js: 3ms, proxy.ts: 5ms, generate-params: 9ms, application-code: 77ms)
 GET /products/compact-camera/dc417x 200 in 97ms (next.js: 4ms, proxy.ts: 3ms, generate-params: 5ms, application-code: 85ms)
 GET / 200 in 99ms (next.js: 2ms, application-code: 97ms)
 GET /products/compact-camera/dc417x 200 in 98ms (next.js: 3ms, proxy.ts: 9ms, generate-params: 5ms, application-code: 82ms)
 GET / 200 in 100ms (next.js: 1.5ms, application-code: 98ms)
 GET /products/compact-camera/dc417x 200 in 116ms (next.js: 4ms, proxy.ts: 19ms, generate-params: 13ms, application-code: 81ms)
 GET / 200 in 102ms (next.js: 2ms, application-code: 100ms)
 GET / 200 in 128ms (next.js: 6ms, application-code: 121ms)
 GET /products/compact-camera/dc417x 200 in 172ms (next.js: 8ms, proxy.ts: 7ms, generate-params: 6ms, application-code: 150ms)
 GET /products/compact-camera/dc417x 200 in 97ms (next.js: 4ms, proxy.ts: 4ms, generate-params: 9ms, application-code: 81ms)
 GET / 200 in 131ms (next.js: 1.7ms, application-code: 129ms)
 GET /products/compact-camera/dc417x 200 in 106ms (next.js: 3ms, proxy.ts: 4ms, generate-params: 5ms, application-code: 93ms)
 GET / 200 in 141ms (next.js: 1.8ms, application-code: 139ms)
 GET /products/compact-camera/dc417x 200 in 140ms (next.js: 11ms, proxy.ts: 3ms, generate-params: 5ms, application-code: 121ms)
 GET / 200 in 394ms (next.js: 61ms, application-code: 333ms)
 GET / 200 in 141ms (next.js: 9ms, application-code: 131ms)
 GET /products/compact-camera/dc417x 200 in 210ms (next.js: 28ms, proxy.ts: 51ms, generate-params: 5ms, application-code: 125ms)
 GET /products/compact-camera/dc417x 200 in 113ms (next.js: 7ms, proxy.ts: 3ms, generate-params: 5ms, application-code: 97ms)
 GET / 200 in 166ms (next.js: 11ms, application-code: 155ms)
 GET /products/compact-camera/dc417x 200 in 103ms (next.js: 5ms, proxy.ts: 4ms, generate-params: 11ms, application-code: 82ms)
 GET / 200 in 166ms (next.js: 10ms, application-code: 157ms)
 GET /products/compact-camera/dc417x 200 in 115ms (next.js: 13ms, proxy.ts: 3ms, generate-params: 5ms, application-code: 94ms)
 GET / 200 in 109ms (next.js: 10ms, application-code: 98ms)
 GET /products/compact-camera/dc417x 200 in 157ms (next.js: 9ms, proxy.ts: 6ms, generate-params: 5ms, application-code: 138ms)
 GET / 200 in 102ms (next.js: 5ms, application-code: 97ms)
 GET /products/compact-camera/dc417x 200 in 93ms (next.js: 3ms, proxy.ts: 5ms, generate-params: 7ms, application-code: 78ms)
 GET / 200 in 156ms (next.js: 9ms, application-code: 147ms)
 GET /products/compact-camera/dc417x 200 in 114ms (next.js: 9ms, proxy.ts: 4ms, generate-params: 7ms, application-code: 93ms)
 GET / 200 in 100ms (next.js: 4ms, application-code: 96ms)
 GET /products/compact-camera/dc417x 200 in 120ms (next.js: 3ms, proxy.ts: 5ms, generate-params: 6ms, application-code: 106ms)
 GET / 200 in 116ms (next.js: 6ms, application-code: 110ms)
 GET /products/compact-camera/dc417x 200 in 118ms (next.js: 8ms, proxy.ts: 5ms, generate-params: 4ms, application-code: 100ms)
 GET / 200 in 164ms (next.js: 8ms, application-code: 156ms)
 GET /products/compact-camera/dc417x 200 in 120ms (next.js: 7ms, proxy.ts: 5ms, generate-params: 5ms, application-code: 103ms)
 GET / 200 in 93ms (next.js: 1.6ms, application-code: 91ms)
 GET /products/compact-camera/dc417x 200 in 130ms (next.js: 8ms, proxy.ts: 4ms, generate-params: 8ms, application-code: 110ms)
 GET / 200 in 108ms (next.js: 9ms, application-code: 99ms)
 GET /products/compact-camera/dc417x 200 in 134ms (next.js: 33ms, proxy.ts: 3ms, generate-params: 9ms, application-code: 89ms)
 GET / 200 in 96ms (next.js: 2ms, application-code: 94ms)
 GET /products/compact-camera/dc417x 200 in 163ms (next.js: 4ms, proxy.ts: 3ms, generate-params: 6ms, application-code: 150ms)
 GET / 200 in 149ms (next.js: 2ms, application-code: 147ms)
 GET / 200 in 105ms (next.js: 1.9ms, application-code: 103ms)
 GET /products 200 in 210ms (next.js: 22ms, proxy.ts: 3ms, application-code: 185ms)
 GET /products/mirrorless-camera/dc226 200 in 129ms (next.js: 4ms, proxy.ts: 3ms, generate-params: 5ms, application-code: 117ms)
 GET / 200 in 112ms (next.js: 1.7ms, application-code: 110ms)
 GET / 200 in 107ms (next.js: 3ms, application-code: 105ms)
 GET /products/compact-camera/dc417x 200 in 137ms (next.js: 6ms, proxy.ts: 5ms, generate-params: 5ms, application-code: 121ms)
 GET / 200 in 160ms (next.js: 3ms, application-code: 157ms)
 GET /contact 200 in 249ms (next.js: 37ms, application-code: 212ms)
 GET / 200 in 103ms (next.js: 1.7ms, application-code: 102ms)
 GET /products 200 in 164ms (next.js: 2ms, proxy.ts: 3ms, application-code: 158ms)
 GET /products/compact-camera/dc417x 200 in 102ms (next.js: 6ms, proxy.ts: 3ms, generate-params: 4ms, application-code: 90ms)
 GET / 200 in 112ms (next.js: 3ms, application-code: 109ms)
 GET /products/compact-camera/dc417x 200 in 123ms (next.js: 4ms, proxy.ts: 4ms, generate-params: 12ms, application-code: 103ms)
 GET / 200 in 101ms (next.js: 1.8ms, application-code: 99ms)
 GET /products/compact-camera/dc417x 200 in 157ms (next.js: 7ms, proxy.ts: 7ms, generate-params: 8ms, application-code: 134ms)
 GET / 200 in 171ms (next.js: 1.8ms, application-code: 170ms)
 GET /products/compact-camera/dc417x 200 in 192ms (next.js: 15ms, proxy.ts: 4ms, generate-params: 6ms, application-code: 166ms)
 GET / 200 in 161ms (next.js: 3ms, application-code: 158ms)
 GET / 200 in 136ms (next.js: 6ms, application-code: 131ms)
 GET / 200 in 144ms (next.js: 1.6ms, application-code: 143ms)
 GET /robots.txt 200 in 484ms (next.js: 439ms, application-code: 45ms)
 GET /sitemap.xml 200 in 247ms (next.js: 189ms, application-code: 59ms)
 GET /this-page-should-not-exist-seo-audit-404 404 in 561ms (next.js: 446ms, application-code: 115ms)
 GET /about 200 in 248ms (next.js: 25ms, application-code: 223ms)
 GET /contact 200 in 190ms (next.js: 2ms, application-code: 187ms)
 GET /privacy-policy 200 in 396ms (next.js: 277ms, application-code: 119ms)
 GET /terms 404 in 78ms (next.js: 6ms, application-code: 72ms)
 GET /products/compact-camera/dc417x 200 in 197ms (next.js: 6ms, proxy.ts: 4ms, generate-params: 6ms, application-code: 182ms)
 GET / 200 in 113ms (next.js: 8ms, application-code: 105ms)
 GET /products/compact-camera/dc417x 200 in 110ms (next.js: 10ms, proxy.ts: 4ms, generate-params: 9ms, application-code: 87ms)
 GET / 200 in 109ms (next.js: 3ms, application-code: 106ms)
 GET /products/compact-camera/dc417x 200 in 101ms (next.js: 5ms, proxy.ts: 4ms, generate-params: 6ms, application-code: 86ms)
 GET / 200 in 62ms (next.js: 8ms, application-code: 55ms)
 GET / 200 in 53ms (next.js: 6ms, application-code: 47ms)
 GET / 200 in 65ms (next.js: 9ms, application-code: 55ms)
 GET / 200 in 57ms (next.js: 7ms, application-code: 50ms)
 GET / 200 in 113ms (next.js: 4ms, application-code: 109ms)
 GET /products/compact-camera/dc417x 200 in 140ms (next.js: 9ms, proxy.ts: 3ms, generate-params: 6ms, application-code: 123ms)
 GET / 200 in 172ms (next.js: 2ms, application-code: 169ms)
 GET /products/compact-camera/dc417x 200 in 306ms (next.js: 9ms, proxy.ts: 6ms, generate-params: 9ms, application-code: 282ms)
 GET / 200 in 187ms (next.js: 3ms, application-code: 184ms)
 GET /products/compact-camera/dc417x 200 in 103ms (next.js: 6ms, proxy.ts: 5ms, generate-params: 6ms, application-code: 87ms)
 GET / 200 in 101ms (next.js: 1.7ms, application-code: 100ms)
 GET / 200 in 156ms (next.js: 5ms, application-code: 151ms)
 GET / 200 in 110ms (next.js: 3ms, application-code: 107ms)
 GET /products/compact-camera/dc417x 200 in 156ms (next.js: 4ms, proxy.ts: 3ms, generate-params: 6ms, application-code: 143ms)
 GET /products 200 in 69ms (next.js: 12ms, proxy.ts: 4ms, application-code: 53ms)
 GET /products?category=mirrorless-camera 200 in 36ms (next.js: 3ms, proxy.ts: 3ms, application-code: 30ms)
 GET /about 200 in 33ms (next.js: 12ms, application-code: 21ms)
 GET / 200 in 107ms (next.js: 1.7ms, application-code: 106ms)
 GET /products/compact-camera/dc417x 200 in 106ms (next.js: 4ms, proxy.ts: 3ms, generate-params: 11ms, application-code: 88ms)
 GET /news 200 in 78ms (next.js: 45ms, application-code: 34ms)
 GET /solutions 200 in 320ms (next.js: 280ms, application-code: 40ms)
 GET /products 200 in 51ms (next.js: 3ms, proxy.ts: 4ms, application-code: 43ms)
 GET /contact 200 in 42ms (next.js: 15ms, application-code: 27ms)
 GET / 200 in 108ms (next.js: 3ms, application-code: 105ms)
 GET /products 200 in 40ms (next.js: 3ms, proxy.ts: 4ms, application-code: 34ms)
 GET /products?category=mirrorless-camera 200 in 37ms (next.js: 2ms, proxy.ts: 2ms, application-code: 32ms)
 GET /products 200 in 34ms (next.js: 3ms, proxy.ts: 3ms, application-code: 27ms)
 GET /products?category=compact-camera 200 in 45ms (next.js: 2ms, proxy.ts: 4ms, application-code: 39ms)
 GET / 200 in 109ms (next.js: 4ms, application-code: 105ms)
 GET /products?category=action-camera 200 in 35ms (next.js: 2ms, proxy.ts: 3ms, application-code: 29ms)
 GET /products?category=video-camera 200 in 30ms (next.js: 3ms, proxy.ts: 3ms, application-code: 24ms)
 GET /products?category=kids-camera 200 in 27ms (next.js: 2ms, proxy.ts: 3ms, application-code: 22ms)
 GET /products/compact-camera/dc417x 200 in 118ms (next.js: 4ms, proxy.ts: 3ms, generate-params: 4ms, application-code: 107ms)
 GET /products?category=lens 200 in 27ms (next.js: 3ms, proxy.ts: 4ms, application-code: 20ms)
 GET /products/compact-camera/dc312x 307 in 17ms (proxy.ts: 2ms)
 GET /products/compact-camera/dc312x 200 in 81ms (next.js: 6ms, proxy.ts: 3ms, generate-params: 7ms, application-code: 65ms)
 GET /products/compact-camera/dc417x 200 in 133ms (next.js: 4ms, proxy.ts: 5ms, generate-params: 7ms, application-code: 117ms)
 GET / 200 in 109ms (next.js: 1.8ms, application-code: 108ms)
 GET /products/compact-camera/dc417x 200 in 101ms (next.js: 4ms, proxy.ts: 2ms, generate-params: 4ms, application-code: 90ms)
 GET / 200 in 105ms (next.js: 3ms, application-code: 101ms)
 GET / 200 in 88ms (next.js: 3ms, application-code: 85ms)
 GET /products/compact-camera/dc417x 200 in 94ms (next.js: 7ms, proxy.ts: 3ms, generate-params: 5ms, application-code: 79ms)
 GET / 200 in 59ms (next.js: 2ms, application-code: 57ms)
 GET / 200 in 101ms (next.js: 4ms, application-code: 97ms)
 GET /products/compact-camera/dc417x 200 in 121ms (next.js: 4ms, proxy.ts: 7ms, generate-params: 7ms, application-code: 103ms)
 GET / 200 in 101ms (next.js: 1.7ms, application-code: 100ms)
 GET /products/compact-camera/dc417x 200 in 110ms (next.js: 4ms, proxy.ts: 5ms, generate-params: 5ms, application-code: 96ms)
 GET / 200 in 109ms (next.js: 2ms, application-code: 107ms)
 GET /products/compact-camera/dc417x 200 in 101ms (next.js: 4ms, proxy.ts: 3ms, generate-params: 5ms, application-code: 89ms)
 GET / 200 in 102ms (next.js: 1.7ms, application-code: 100ms)
 GET /products/compact-camera/dc417x 200 in 97ms (next.js: 3ms, proxy.ts: 3ms, generate-params: 6ms, application-code: 85ms)
 GET / 200 in 99ms (next.js: 2ms, application-code: 97ms)
 GET /products/compact-camera/dc417x 200 in 104ms (next.js: 4ms, proxy.ts: 4ms, generate-params: 9ms, application-code: 87ms)
 GET / 200 in 99ms (next.js: 2ms, application-code: 97ms)
 GET /products/compact-camera/dc417x 200 in 93ms (next.js: 3ms, proxy.ts: 4ms, generate-params: 4ms, application-code: 82ms)
 GET / 200 in 119ms (next.js: 1.9ms, application-code: 117ms)
 GET /products/compact-camera/dc417x 200 in 123ms (next.js: 4ms, proxy.ts: 3ms, generate-params: 5ms, application-code: 111ms)
✓ Compiled in 188ms
✓ Compiled in 96ms
 GET / 200 in 61ms (next.js: 8ms, application-code: 53ms)
 GET / 200 in 57ms (next.js: 1.9ms, application-code: 55ms)
✓ Compiled in 82ms
 GET / 200 in 69ms (next.js: 8ms, application-code: 61ms)
 GET / 200 in 52ms (next.js: 3ms, application-code: 50ms)
✓ Compiled in 88ms
 GET / 200 in 68ms (next.js: 8ms, application-code: 60ms)
 GET / 200 in 120ms (next.js: 8ms, application-code: 112ms)
 GET / 200 in 51ms (next.js: 6ms, application-code: 45ms)
 GET / 200 in 44ms (next.js: 5ms, application-code: 39ms)
✓ Compiled in 47ms
 GET / 200 in 51ms (next.js: 1.9ms, application-code: 50ms)
 GET / 200 in 76ms (next.js: 10ms, application-code: 66ms)
 GET / 200 in 50ms (next.js: 6ms, application-code: 44ms)
 GET / 200 in 45ms (next.js: 2ms, application-code: 43ms)
✓ Compiled in 102ms
 GET / 200 in 61ms (next.js: 3ms, application-code: 58ms)
 GET / 200 in 44ms (next.js: 1.8ms, application-code: 42ms)
✓ Compiled in 65ms
 GET / 200 in 63ms (next.js: 9ms, application-code: 54ms)
✓ Compiled in 58ms
 GET / 200 in 53ms (next.js: 7ms, application-code: 46ms)
 GET / 200 in 140ms (next.js: 2ms, application-code: 138ms)
 GET /products/compact-camera/dc417x 200 in 115ms (next.js: 10ms, proxy.ts: 3ms, generate-params: 4ms, application-code: 98ms)
✓ Compiled in 83ms
 GET / 200 in 62ms (next.js: 9ms, application-code: 53ms)
 GET / 200 in 41ms (next.js: 1.8ms, application-code: 39ms)
 GET / 200 in 79ms (next.js: 6ms, application-code: 73ms)
✓ Compiled in 49ms
 GET / 200 in 51ms (next.js: 5ms, application-code: 46ms)
 GET / 200 in 112ms (next.js: 3ms, application-code: 109ms)
 GET / 200 in 111ms (next.js: 1.6ms, application-code: 109ms)
 GET /products/compact-camera/dc417x 200 in 123ms (next.js: 9ms, proxy.ts: 3ms, generate-params: 10ms, application-code: 102ms)
 GET / 200 in 100ms (next.js: 3ms, application-code: 97ms)
 GET / 200 in 113ms (next.js: 1.8ms, application-code: 111ms)
 GET /about 200 in 97ms (next.js: 8ms, application-code: 89ms)
 GET /products/compact-camera/dc417x 200 in 128ms (next.js: 5ms, proxy.ts: 4ms, generate-params: 4ms, application-code: 115ms)
 GET / 200 in 114ms (next.js: 2ms, application-code: 111ms)
 GET / 200 in 100ms (next.js: 3ms, application-code: 98ms)
 GET / 200 in 92ms (next.js: 1.8ms, application-code: 90ms)
 GET / 200 in 102ms (next.js: 1.8ms, application-code: 100ms)
 GET /products 200 in 155ms (next.js: 6ms, proxy.ts: 3ms, application-code: 146ms)
 GET / 200 in 91ms (next.js: 2ms, application-code: 89ms)
 GET /products/compact-camera/dc417x 200 in 122ms (next.js: 4ms, proxy.ts: 9ms, generate-params: 7ms, application-code: 102ms)
 GET / 200 in 90ms (next.js: 1.7ms, application-code: 88ms)
 GET / 200 in 98ms (next.js: 1.6ms, application-code: 96ms)
 GET /products/compact-camera/dc417x 200 in 104ms (next.js: 4ms, proxy.ts: 3ms, generate-params: 6ms, application-code: 91ms)
 GET / 200 in 88ms (next.js: 1.7ms, application-code: 86ms)
 GET /products/compact-camera/dc417x 200 in 85ms (next.js: 3ms, proxy.ts: 2ms, generate-params: 4ms, application-code: 75ms)
 GET / 200 in 100ms (next.js: 1.9ms, application-code: 98ms)
 GET /products/compact-camera/dc417x 200 in 88ms (next.js: 3ms, proxy.ts: 2ms, generate-params: 4ms, application-code: 79ms)
 GET / 200 in 105ms (next.js: 1.5ms, application-code: 103ms)
 GET /products?category=mirrorless-camera 200 in 38ms (next.js: 3ms, proxy.ts: 5ms, application-code: 31ms)
 GET / 200 in 47ms (next.js: 2ms, application-code: 45ms)
 GET /about 200 in 28ms (next.js: 2ms, application-code: 26ms)
 GET / 200 in 52ms (next.js: 3ms, application-code: 48ms)
 GET /products/compact-camera/dc417x 200 in 138ms (next.js: 6ms, proxy.ts: 3ms, generate-params: 5ms, application-code: 125ms)
 GET /about 200 in 21ms (next.js: 3ms, application-code: 19ms)
 GET / 200 in 104ms (next.js: 1.6ms, application-code: 103ms)
 GET / 200 in 103ms (next.js: 1.8ms, application-code: 102ms)
 GET /products/compact-camera/dc417x 200 in 96ms (next.js: 3ms, proxy.ts: 3ms, generate-params: 4ms, application-code: 86ms)
 GET / 200 in 118ms (next.js: 3ms, application-code: 115ms)
 GET /about 200 in 20ms (next.js: 2ms, application-code: 18ms)
 GET /news 200 in 44ms (next.js: 9ms, application-code: 34ms)
 GET / 200 in 45ms (next.js: 1.9ms, application-code: 43ms)
 GET /products 200 in 48ms (next.js: 6ms, proxy.ts: 3ms, application-code: 39ms)
 GET /products?category=mirrorless-camera 200 in 50ms (next.js: 2ms, proxy.ts: 3ms, application-code: 44ms)
 GET /products?category=compact-camera 200 in 52ms (next.js: 2ms, proxy.ts: 3ms, application-code: 47ms)
 GET /products?category=action-camera 200 in 35ms (next.js: 3ms, proxy.ts: 3ms, application-code: 29ms)
 GET /products?category=video-camera 200 in 30ms (next.js: 2ms, proxy.ts: 2ms, application-code: 25ms)
 GET /products?category=kids-camera 200 in 29ms (next.js: 3ms, proxy.ts: 2ms, application-code: 24ms)
 GET /products 200 in 47ms (next.js: 5ms, proxy.ts: 2ms, application-code: 40ms)
 GET / 200 in 129ms (next.js: 3ms, application-code: 126ms)
 GET /about 200 in 35ms (next.js: 2ms, application-code: 33ms)
 GET /news 200 in 39ms (next.js: 2.0ms, application-code: 37ms)
 GET /products/compact-camera/dc417x 200 in 222ms (next.js: 5ms, proxy.ts: 3ms, generate-params: 6ms, application-code: 208ms)
 GET /news/songdian-unveils-dc106y-flip-top-camera-your-oem-odm-partner 200 in 1354ms (next.js: 449ms, generate-params: 741ms, application-code: 164ms)
 GET /products 200 in 96ms (next.js: 9ms, proxy.ts: 4ms, application-code: 83ms)
 GET /products?category=mirrorless-camera 200 in 42ms (next.js: 4ms, proxy.ts: 3ms, application-code: 35ms)
 GET /products?category=compact-camera 200 in 35ms (next.js: 2ms, proxy.ts: 4ms, application-code: 29ms)
 GET /products/compact-camera/dc312x 200 in 46ms (next.js: 5ms, proxy.ts: 3ms, generate-params: 5ms, application-code: 33ms)
 GET /products?category=compact-camera 200 in 44ms (next.js: 2ms, proxy.ts: 3ms, application-code: 39ms)
 GET /products?category=action-camera 200 in 33ms (next.js: 3ms, proxy.ts: 2ms, application-code: 28ms)
 GET /products?category=video-camera 200 in 29ms (next.js: 4ms, proxy.ts: 3ms, application-code: 22ms)
 GET /products 200 in 34ms (next.js: 3ms, proxy.ts: 2ms, application-code: 29ms)
 GET /products?category=mirrorless-camera 200 in 41ms (next.js: 3ms, proxy.ts: 3ms, application-code: 35ms)
 GET / 200 in 46ms (next.js: 3ms, application-code: 43ms)
 GET / 200 in 127ms (next.js: 9ms, application-code: 117ms)
 GET /products 200 in 48ms (next.js: 2ms, proxy.ts: 4ms, application-code: 42ms)
 GET / 200 in 40ms (next.js: 1.9ms, application-code: 38ms)
 GET / 200 in 47ms (next.js: 1.9ms, application-code: 45ms)
 GET /products/compact-camera/dc417x 200 in 95ms (next.js: 3ms, proxy.ts: 3ms, generate-params: 4ms, application-code: 84ms)
 GET / 200 in 102ms (next.js: 1.7ms, application-code: 100ms)
 GET /products/compact-camera/dc417x 200 in 114ms (next.js: 4ms, proxy.ts: 3ms, generate-params: 4ms, application-code: 103ms)
 GET / 200 in 95ms (next.js: 1.7ms, application-code: 93ms)
 GET /products/compact-camera/dc417x 200 in 89ms (next.js: 3ms, proxy.ts: 2ms, generate-params: 4ms, application-code: 79ms)
 GET / 200 in 105ms (next.js: 1.8ms, application-code: 103ms)
 GET /products/compact-camera/dc417x 200 in 115ms (next.js: 3ms, proxy.ts: 3ms, generate-params: 4ms, application-code: 104ms)
 GET / 200 in 93ms (next.js: 1.7ms, application-code: 91ms)
 GET /products/compact-camera/dc417x 200 in 104ms (next.js: 3ms, proxy.ts: 3ms, generate-params: 4ms, application-code: 94ms)
 GET / 200 in 142ms (next.js: 1.6ms, application-code: 140ms)
 GET /contact 200 in 41ms (next.js: 11ms, application-code: 29ms)
 GET /products/compact-camera/dc417x 200 in 86ms (next.js: 3ms, proxy.ts: 3ms, generate-params: 4ms, application-code: 76ms)
 GET / 200 in 92ms (next.js: 1.6ms, application-code: 90ms)
 GET / 200 in 113ms (next.js: 1.8ms, application-code: 111ms)
 GET /products/compact-camera/dc417x 200 in 162ms (next.js: 8ms, proxy.ts: 5ms, generate-params: 6ms, application-code: 143ms)
 GET /products 200 in 45ms (next.js: 2ms, proxy.ts: 3ms, application-code: 40ms)
 GET / 200 in 38ms (next.js: 3ms, application-code: 36ms)
 GET /about 200 in 31ms (next.js: 2.0ms, application-code: 29ms)
 GET /solutions 200 in 39ms (next.js: 12ms, application-code: 27ms)
 GET / 200 in 45ms (next.js: 1.9ms, application-code: 43ms)
 GET /products 200 in 50ms (next.js: 2ms, proxy.ts: 2ms, application-code: 46ms)
 GET /solutions 200 in 29ms (next.js: 1.9ms, application-code: 27ms)
 GET /news 200 in 34ms (next.js: 3ms, application-code: 31ms)
 GET /about 200 in 27ms (next.js: 2ms, application-code: 25ms)
 GET /contact 200 in 29ms (next.js: 1.9ms, application-code: 27ms)
 GET / 200 in 45ms (next.js: 2ms, application-code: 43ms)
 GET /products/compact-camera/dc417x 200 in 97ms (next.js: 3ms, proxy.ts: 3ms, generate-params: 5ms, application-code: 86ms)
 GET / 200 in 98ms (next.js: 2.0ms, application-code: 96ms)
 GET /products/compact-camera/dc417x 200 in 114ms (next.js: 8ms, proxy.ts: 3ms, generate-params: 4ms, application-code: 99ms)
 GET / 200 in 125ms (next.js: 2.0ms, application-code: 123ms)
 GET /about 200 in 143ms (next.js: 16ms, application-code: 127ms)
 GET / 200 in 100ms (next.js: 10ms, application-code: 89ms)
 GET /about 200 in 145ms (next.js: 4ms, application-code: 141ms)
 GET / 200 in 100ms (next.js: 6ms, application-code: 94ms)
 GET /about 200 in 114ms (next.js: 4ms, application-code: 111ms)
 GET / 200 in 71ms (next.js: 5ms, application-code: 67ms)
 GET /products/compact-camera/dc417x 200 in 121ms (next.js: 20ms, proxy.ts: 3ms, generate-params: 4ms, application-code: 95ms)
✓ Compiled in 145ms
 GET /about 200 in 315ms (next.js: 15ms, application-code: 301ms)
 GET /about 200 in 230ms (next.js: 4ms, application-code: 226ms)
 GET / 200 in 322ms (next.js: 42ms, application-code: 280ms)
 GET / 200 in 225ms (next.js: 106ms, application-code: 119ms)
 GET /about 200 in 34ms (next.js: 2ms, application-code: 32ms)
 GET / 200 in 112ms (next.js: 1.7ms, application-code: 110ms)
 GET /products/compact-camera/dc417x 200 in 104ms (next.js: 8ms, proxy.ts: 3ms, generate-params: 5ms, application-code: 89ms)
 GET / 200 in 123ms (next.js: 1.7ms, application-code: 121ms)
 GET /products/compact-camera/dc417x 200 in 99ms (next.js: 4ms, proxy.ts: 3ms, generate-params: 5ms, application-code: 88ms)
 GET / 200 in 110ms (next.js: 1.8ms, application-code: 108ms)
 GET /products/compact-camera/dc417x 200 in 109ms (next.js: 3ms, proxy.ts: 2ms, generate-params: 4ms, application-code: 99ms)
 GET / 200 in 94ms (next.js: 2ms, application-code: 92ms)
 GET /products/compact-camera/dc417x 200 in 118ms (next.js: 4ms, proxy.ts: 3ms, generate-params: 9ms, application-code: 101ms)
 GET / 200 in 100ms (next.js: 1.8ms, application-code: 98ms)
 GET /products/compact-camera/dc417x 200 in 113ms (next.js: 3ms, proxy.ts: 3ms, generate-params: 8ms, application-code: 99ms)
 GET / 200 in 118ms (next.js: 1.9ms, application-code: 116ms)
 GET /contact 200 in 43ms (next.js: 11ms, application-code: 32ms)
 GET /about 200 in 27ms (next.js: 3ms, application-code: 24ms)
 GET /news 200 in 39ms (next.js: 8ms, application-code: 31ms)
 GET /solutions 200 in 35ms (next.js: 11ms, application-code: 24ms)
 GET /products 200 in 57ms (next.js: 11ms, proxy.ts: 4ms, application-code: 41ms)
 GET /products/compact-camera/dc417x 200 in 114ms (next.js: 4ms, proxy.ts: 2ms, generate-params: 6ms, application-code: 102ms)
 GET / 200 in 103ms (next.js: 1.8ms, application-code: 101ms)
 GET /products/compact-camera/dc417x 200 in 88ms (next.js: 3ms, proxy.ts: 3ms, generate-params: 5ms, application-code: 77ms)
 GET / 200 in 135ms (next.js: 3ms, application-code: 132ms)
 GET /products/compact-camera/dc417x 200 in 109ms (next.js: 3ms, proxy.ts: 2ms, generate-params: 4ms, application-code: 99ms)
 GET /about 200 in 78ms (next.js: 2ms, application-code: 75ms)
 GET /about 200 in 114ms (next.js: 10ms, application-code: 105ms)
 GET /about 200 in 34ms (next.js: 3ms, application-code: 31ms)
 GET / 200 in 122ms (next.js: 10ms, application-code: 112ms)
 GET /products/compact-camera/dc417x 200 in 100ms (next.js: 9ms, proxy.ts: 3ms, generate-params: 5ms, application-code: 83ms)
 GET /products/compact-camera/dc417x 200 in 254ms (next.js: 7ms, proxy.ts: 5ms, generate-params: 7ms, application-code: 235ms)
 GET / 200 in 113ms (next.js: 2.0ms, application-code: 111ms)
 GET /products/compact-camera/dc417x 200 in 120ms (next.js: 4ms, proxy.ts: 3ms, generate-params: 4ms, application-code: 108ms)
✓ Compiled in 51ms
 GET /about 200 in 107ms (next.js: 6ms, application-code: 102ms)
 GET /about 200 in 108ms (next.js: 8ms, application-code: 100ms)
 GET /about 200 in 27ms (next.js: 2ms, application-code: 25ms)
 GET / 200 in 102ms (next.js: 5ms, application-code: 97ms)
 GET /products/compact-camera/dc417x 200 in 96ms (next.js: 7ms, proxy.ts: 3ms, generate-params: 4ms, application-code: 82ms)
 GET / 200 in 681ms (next.js: 413ms, application-code: 268ms)
 GET /products/compact-camera/dc417x 200 in 128ms (next.js: 9ms, proxy.ts: 3ms, generate-params: 9ms, application-code: 107ms)
 GET / 200 in 115ms (next.js: 1.9ms, application-code: 113ms)
 GET /products/compact-camera/dc417x 200 in 115ms (next.js: 3ms, proxy.ts: 3ms, generate-params: 4ms, application-code: 104ms)
 GET /contact?product=dc312x&utm_source=linkedin&utm_medium=paid-social&utm_campaign=summer-camera 200 in 126ms (next.js: 16ms, application-code: 110ms)
 GET / 200 in 125ms (next.js: 2ms, application-code: 123ms)
 GET /products/compact-camera/dc417x 200 in 166ms (next.js: 3ms, proxy.ts: 5ms, generate-params: 5ms, application-code: 153ms)
 GET /contact?product=dc312x&utm_source=linkedin&utm_campaign=summer-camera 200 in 63ms (next.js: 1.7ms, application-code: 61ms)
 GET / 200 in 95ms (next.js: 1.7ms, application-code: 94ms)
 GET /products/compact-camera/dc417x 200 in 89ms (next.js: 4ms, proxy.ts: 3ms, generate-params: 4ms, application-code: 78ms)
 GET / 200 in 107ms (next.js: 5ms, application-code: 102ms)
 GET /products/compact-camera/dc417x 200 in 109ms (next.js: 3ms, proxy.ts: 3ms, generate-params: 4ms, application-code: 99ms)
 GET / 200 in 108ms (next.js: 2ms, application-code: 106ms)
 GET /products/compact-camera/dc417x 200 in 112ms (next.js: 3ms, proxy.ts: 2ms, generate-params: 7ms, application-code: 99ms)
 GET /products/compact-camera/dc417x 200 in 91ms (next.js: 7ms, proxy.ts: 2ms, generate-params: 4ms, application-code: 78ms)
 GET / 200 in 106ms (next.js: 1.9ms, application-code: 104ms)
 GET /products/compact-camera/dc417x 200 in 250ms (next.js: 6ms, proxy.ts: 3ms, generate-params: 7ms, application-code: 234ms)
 GET / 200 in 118ms (next.js: 1.8ms, application-code: 116ms)
 GET /products/compact-camera/dc417x 200 in 118ms (next.js: 4ms, proxy.ts: 4ms, generate-params: 6ms, application-code: 103ms)
 GET / 200 in 125ms (next.js: 1.9ms, application-code: 123ms)
 GET /products/compact-camera/dc417x 200 in 141ms (next.js: 6ms, proxy.ts: 3ms, generate-params: 11ms, application-code: 121ms)
 GET / 200 in 104ms (next.js: 6ms, application-code: 98ms)
 GET /products/compact-camera/dc417x 200 in 142ms (next.js: 3ms, proxy.ts: 3ms, generate-params: 4ms, application-code: 132ms)
 GET / 200 in 101ms (next.js: 1.7ms, application-code: 99ms)
 GET /products/compact-camera/dc417x 200 in 118ms (next.js: 3ms, proxy.ts: 3ms, generate-params: 6ms, application-code: 107ms)
 GET /products/compact-camera/dc417x 200 in 99ms (next.js: 4ms, proxy.ts: 3ms, generate-params: 5ms, application-code: 87ms)
 GET / 200 in 110ms (next.js: 1.7ms, application-code: 109ms)
 GET /products/compact-camera/dc417x 200 in 102ms (next.js: 3ms, proxy.ts: 3ms, generate-params: 8ms, application-code: 89ms)
 GET / 200 in 150ms (next.js: 6ms, application-code: 144ms)
 GET /products/compact-camera/dc417x 200 in 98ms (next.js: 4ms, proxy.ts: 3ms, generate-params: 5ms, application-code: 86ms)
 GET / 200 in 93ms (next.js: 1.6ms, application-code: 91ms)
 GET /products/compact-camera/dc417x 200 in 125ms (next.js: 3ms, proxy.ts: 3ms, generate-params: 5ms, application-code: 114ms)
 GET / 200 in 132ms (next.js: 1.6ms, application-code: 130ms)
 GET / 200 in 99ms (next.js: 1.7ms, application-code: 97ms)
 GET /products/compact-camera/dc417x 200 in 97ms (next.js: 3ms, proxy.ts: 3ms, generate-params: 5ms, application-code: 87ms)
 GET / 200 in 117ms (next.js: 1.8ms, application-code: 115ms)
 GET /products/compact-camera/dc417x 200 in 102ms (next.js: 3ms, proxy.ts: 3ms, generate-params: 4ms, application-code: 91ms)
 GET / 200 in 103ms (next.js: 1.9ms, application-code: 101ms)
 GET /products/compact-camera/dc417x 200 in 99ms (next.js: 3ms, proxy.ts: 3ms, generate-params: 4ms, application-code: 89ms)
 GET / 200 in 87ms (next.js: 1.7ms, application-code: 85ms)
 GET /products/compact-camera/dc417x 200 in 93ms (next.js: 3ms, proxy.ts: 3ms, generate-params: 4ms, application-code: 82ms)
 GET / 200 in 105ms (next.js: 1.7ms, application-code: 103ms)
 GET /products/compact-camera/dc417x 200 in 105ms (next.js: 4ms, proxy.ts: 2ms, generate-params: 4ms, application-code: 94ms)
 GET / 200 in 95ms (next.js: 1.7ms, application-code: 93ms)
 GET /products/compact-camera/dc417x 200 in 92ms (next.js: 3ms, proxy.ts: 2ms, generate-params: 4ms, application-code: 82ms)
 GET / 200 in 102ms (next.js: 1.7ms, application-code: 100ms)
 GET /products/compact-camera/dc417x 200 in 122ms (next.js: 3ms, proxy.ts: 2ms, generate-params: 5ms, application-code: 112ms)
 GET /products/compact-camera/dc417x 200 in 90ms (next.js: 3ms, proxy.ts: 3ms, generate-params: 4ms, application-code: 79ms)
 GET / 200 in 108ms (next.js: 2ms, application-code: 106ms)
 GET /products/compact-camera/dc417x 200 in 95ms (next.js: 3ms, proxy.ts: 3ms, generate-params: 9ms, application-code: 81ms)
 GET / 200 in 96ms (next.js: 1.7ms, application-code: 94ms)
 GET /products/compact-camera/dc417x 200 in 115ms (next.js: 3ms, proxy.ts: 2ms, generate-params: 4ms, application-code: 105ms)
 GET / 200 in 99ms (next.js: 1.6ms, application-code: 98ms)
 GET /products/compact-camera/dc417x 200 in 113ms (next.js: 3ms, proxy.ts: 2ms, generate-params: 8ms, application-code: 99ms)
 GET / 200 in 104ms (next.js: 1.7ms, application-code: 103ms)
 GET /products/compact-camera/dc417x 200 in 100ms (next.js: 3ms, proxy.ts: 2ms, generate-params: 5ms, application-code: 90ms)
 GET / 200 in 102ms (next.js: 1.9ms, application-code: 101ms)
 GET /products/compact-camera/dc417x 200 in 94ms (next.js: 3ms, proxy.ts: 3ms, generate-params: 5ms, application-code: 84ms)
 GET / 200 in 98ms (next.js: 1.7ms, application-code: 96ms)
 GET /products/compact-camera/dc417x 200 in 99ms (next.js: 3ms, proxy.ts: 4ms, generate-params: 8ms, application-code: 84ms)
 GET / 200 in 100ms (next.js: 1.7ms, application-code: 98ms)
 GET /products/compact-camera/dc417x 200 in 103ms (next.js: 3ms, proxy.ts: 3ms, generate-params: 8ms, application-code: 89ms)
 GET / 200 in 103ms (next.js: 1.7ms, application-code: 101ms)
 GET /products/compact-camera/dc417x 200 in 103ms (next.js: 3ms, proxy.ts: 2ms, generate-params: 4ms, application-code: 94ms)
 GET / 200 in 92ms (next.js: 1.6ms, application-code: 90ms)
 GET /products/compact-camera/dc417x 200 in 98ms (next.js: 3ms, proxy.ts: 3ms, generate-params: 9ms, application-code: 83ms)
 GET / 200 in 106ms (next.js: 1.9ms, application-code: 104ms)
 GET /products/compact-camera/dc417x 200 in 93ms (next.js: 3ms, proxy.ts: 2ms, generate-params: 4ms, application-code: 84ms)
 GET / 200 in 93ms (next.js: 1.7ms, application-code: 91ms)
 GET /products/compact-camera/dc417x 200 in 116ms (next.js: 4ms, proxy.ts: 3ms, generate-params: 9ms, application-code: 100ms)
 GET / 200 in 99ms (next.js: 1.6ms, application-code: 97ms)
 GET /products/compact-camera/dc417x 200 in 97ms (next.js: 3ms, proxy.ts: 3ms, generate-params: 8ms, application-code: 83ms)
 GET / 200 in 111ms (next.js: 1.6ms, application-code: 110ms)
 GET / 200 in 97ms (next.js: 1.6ms, application-code: 95ms)
 GET /products/compact-camera/dc417x 200 in 90ms (next.js: 3ms, proxy.ts: 2ms, generate-params: 4ms, application-code: 80ms)
 GET / 200 in 111ms (next.js: 1.7ms, application-code: 109ms)
 GET /products/compact-camera/dc417x 200 in 114ms (next.js: 3ms, proxy.ts: 2ms, generate-params: 10ms, application-code: 99ms)
 GET / 200 in 98ms (next.js: 1.7ms, application-code: 97ms)
 GET /products/compact-camera/dc417x 200 in 91ms (next.js: 3ms, proxy.ts: 2ms, generate-params: 4ms, application-code: 81ms)
 GET / 200 in 107ms (next.js: 1.7ms, application-code: 105ms)
 GET /products/compact-camera/dc417x 200 in 95ms (next.js: 3ms, proxy.ts: 2ms, generate-params: 4ms, application-code: 86ms)
 GET / 200 in 94ms (next.js: 1.6ms, application-code: 92ms)
 GET /products/compact-camera/dc417x 200 in 112ms (next.js: 3ms, proxy.ts: 3ms, generate-params: 4ms, application-code: 102ms)
 GET / 200 in 106ms (next.js: 1.6ms, application-code: 104ms)
 GET / 200 in 96ms (next.js: 1.6ms, application-code: 95ms)
 GET /products/compact-camera/dc417x 200 in 119ms (next.js: 3ms, proxy.ts: 3ms, generate-params: 4ms, application-code: 109ms)
 GET / 200 in 105ms (next.js: 1.7ms, application-code: 103ms)
 GET /products/compact-camera/dc417x 200 in 110ms (next.js: 3ms, proxy.ts: 3ms, generate-params: 4ms, application-code: 100ms)
 GET / 200 in 102ms (next.js: 1.7ms, application-code: 100ms)
 GET /products/compact-camera/dc417x 200 in 104ms (next.js: 5ms, proxy.ts: 3ms, generate-params: 5ms, application-code: 91ms)
 GET / 200 in 110ms (next.js: 1.6ms, application-code: 108ms)
 GET /about 200 in 55ms (next.js: 16ms, application-code: 39ms)
✓ Compiled in 116ms
 GET /about 200 in 37ms (next.js: 5ms, application-code: 31ms)
✓ Compiled in 107ms
 GET /about 200 in 37ms (next.js: 3ms, application-code: 34ms)
 GET /about 200 in 45ms (next.js: 8ms, application-code: 37ms)
 GET /about 200 in 37ms (next.js: 2ms, application-code: 35ms)
 GET /about 200 in 38ms (next.js: 2ms, application-code: 35ms)
 GET /about 200 in 29ms (next.js: 2ms, application-code: 27ms)
 GET /products/compact-camera/dc417x 200 in 154ms (next.js: 30ms, proxy.ts: 2ms, generate-params: 4ms, application-code: 118ms)
 GET / 200 in 235ms (next.js: 28ms, application-code: 206ms)
 GET /products/compact-camera/dc417x 200 in 100ms (next.js: 3ms, proxy.ts: 2ms, generate-params: 4ms, application-code: 91ms)
 GET /products 200 in 254ms (next.js: 34ms, proxy.ts: 4ms, application-code: 217ms)
 GET / 200 in 106ms (next.js: 1.8ms, application-code: 105ms)
 GET /products 200 in 200ms (next.js: 16ms, proxy.ts: 6ms, application-code: 178ms)
 GET /products/compact-camera/dc312x 200 in 124ms (next.js: 3ms, proxy.ts: 3ms, generate-params: 5ms, application-code: 113ms)
 GET /products/compact-camera/dc417x 200 in 131ms (next.js: 4ms, proxy.ts: 3ms, generate-params: 4ms, application-code: 119ms)
 GET / 200 in 105ms (next.js: 1.8ms, application-code: 103ms)
 GET /products/compact-camera/dc417x 200 in 131ms (next.js: 4ms, proxy.ts: 3ms, generate-params: 5ms, application-code: 120ms)
 GET / 200 in 87ms (next.js: 1.8ms, application-code: 85ms)
 GET /products/compact-camera/dc417x 200 in 144ms (next.js: 4ms, proxy.ts: 3ms, generate-params: 5ms, application-code: 133ms)
 GET / 200 in 106ms (next.js: 2ms, application-code: 103ms)
 GET /about 200 in 39ms (next.js: 6ms, application-code: 33ms)
 GET /about 200 in 35ms (next.js: 7ms, application-code: 28ms)
 GET /about 200 in 39ms (next.js: 3ms, application-code: 36ms)
 GET /about 200 in 28ms (next.js: 1.8ms, application-code: 26ms)
 GET /products/compact-camera/dc417x 200 in 195ms (next.js: 12ms, proxy.ts: 4ms, generate-params: 8ms, application-code: 171ms)
 GET / 200 in 119ms (next.js: 6ms, application-code: 113ms)
 GET /products/compact-camera/dc312x 200 in 93ms (next.js: 3ms, proxy.ts: 3ms, generate-params: 4ms, application-code: 82ms)
 GET / 200 in 97ms (next.js: 1.7ms, application-code: 95ms)
 GET /products/compact-camera/dc417x 200 in 110ms (next.js: 3ms, proxy.ts: 2ms, generate-params: 8ms, application-code: 96ms)
 GET /products/compact-camera/dc417x 200 in 85ms (next.js: 3ms, proxy.ts: 2ms, generate-params: 4ms, application-code: 75ms)
 GET / 200 in 130ms (next.js: 2ms, application-code: 128ms)
 GET /products/compact-camera/dc417x 200 in 118ms (next.js: 4ms, proxy.ts: 3ms, generate-params: 5ms, application-code: 106ms)
 GET / 200 in 97ms (next.js: 1.8ms, application-code: 95ms)
 GET /products/compact-camera/dc417x 200 in 101ms (next.js: 4ms, proxy.ts: 3ms, generate-params: 4ms, application-code: 90ms)
 GET / 200 in 94ms (next.js: 1.6ms, application-code: 92ms)
 GET /products/compact-camera/dc417x 200 in 117ms (next.js: 3ms, proxy.ts: 2ms, generate-params: 8ms, application-code: 103ms)
 GET / 200 in 110ms (next.js: 1.6ms, application-code: 108ms)
 GET /products/compact-camera/dc417x 200 in 86ms (next.js: 3ms, proxy.ts: 3ms, generate-params: 4ms, application-code: 77ms)
 GET / 200 in 97ms (next.js: 1.7ms, application-code: 95ms)
 GET /products/compact-camera/dc417x 200 in 102ms (next.js: 3ms, proxy.ts: 3ms, generate-params: 4ms, application-code: 92ms)
 GET / 200 in 94ms (next.js: 1.6ms, application-code: 93ms)
 GET / 200 in 96ms (next.js: 1.7ms, application-code: 95ms)
 GET /products/compact-camera/dc417x 200 in 100ms (next.js: 3ms, proxy.ts: 2ms, generate-params: 4ms, application-code: 90ms)
 GET / 200 in 100ms (next.js: 2ms, application-code: 98ms)
 GET /products/compact-camera/dc417x 200 in 104ms (next.js: 3ms, proxy.ts: 3ms, generate-params: 5ms, application-code: 93ms)
 GET / 200 in 111ms (next.js: 1.6ms, application-code: 110ms)
 GET /products/compact-camera/dc417x 200 in 167ms (next.js: 10ms, proxy.ts: 3ms, generate-params: 4ms, application-code: 149ms)
 GET / 200 in 95ms (next.js: 2ms, application-code: 92ms)
 GET /products/compact-camera/dc417x 200 in 97ms (next.js: 3ms, proxy.ts: 2ms, generate-params: 8ms, application-code: 83ms)
 GET / 200 in 98ms (next.js: 2ms, application-code: 96ms)
 GET /products/compact-camera/dc417x 200 in 109ms (next.js: 3ms, proxy.ts: 2ms, generate-params: 4ms, application-code: 99ms)
 GET / 200 in 91ms (next.js: 1.6ms, application-code: 89ms)
 GET /products/compact-camera/dc417x 200 in 89ms (next.js: 3ms, proxy.ts: 2ms, generate-params: 4ms, application-code: 80ms)
 GET / 200 in 99ms (next.js: 1.5ms, application-code: 97ms)
 GET /products/compact-camera/dc417x 200 in 90ms (next.js: 3ms, proxy.ts: 2ms, generate-params: 4ms, application-code: 80ms)
 GET / 200 in 94ms (next.js: 1.6ms, application-code: 93ms)
 GET /products/compact-camera/dc417x 200 in 92ms (next.js: 4ms, proxy.ts: 3ms, generate-params: 4ms, application-code: 81ms)
 GET / 200 in 107ms (next.js: 1.6ms, application-code: 106ms)
 GET / 200 in 89ms (next.js: 1.7ms, application-code: 87ms)
 GET /products/compact-camera/dc417x 200 in 87ms (next.js: 3ms, proxy.ts: 2ms, generate-params: 4ms, application-code: 77ms)
 GET / 200 in 100ms (next.js: 1.7ms, application-code: 98ms)
 GET /products/compact-camera/dc417x 200 in 119ms (next.js: 3ms, proxy.ts: 2ms, generate-params: 8ms, application-code: 105ms)
 GET /products/compact-camera/dc417x 200 in 108ms (next.js: 4ms, proxy.ts: 2ms, generate-params: 4ms, application-code: 98ms)
 GET / 200 in 126ms (next.js: 1.6ms, application-code: 124ms)
 GET /products/compact-camera/dc417x 200 in 93ms (next.js: 3ms, proxy.ts: 4ms, generate-params: 8ms, application-code: 77ms)
 GET / 200 in 99ms (next.js: 1.6ms, application-code: 97ms)
 GET / 200 in 91ms (next.js: 1.6ms, application-code: 89ms)
 GET /products/compact-camera/dc417x 200 in 93ms (next.js: 3ms, proxy.ts: 2ms, generate-params: 4ms, application-code: 83ms)
 GET / 200 in 100ms (next.js: 1.5ms, application-code: 98ms)
 GET /products/compact-camera/dc417x 200 in 114ms (next.js: 3ms, proxy.ts: 2ms, generate-params: 4ms, application-code: 105ms)
 GET / 200 in 91ms (next.js: 1.7ms, application-code: 89ms)
 GET /products/compact-camera/dc417x 200 in 88ms (next.js: 3ms, proxy.ts: 2ms, generate-params: 4ms, application-code: 79ms)
 GET / 200 in 102ms (next.js: 1.6ms, application-code: 100ms)
 GET /products/compact-camera/dc417x 200 in 94ms (next.js: 3ms, proxy.ts: 2ms, generate-params: 4ms, application-code: 85ms)
 GET / 200 in 122ms (next.js: 1.6ms, application-code: 120ms)
 GET /products/compact-camera/dc417x 200 in 98ms (next.js: 3ms, proxy.ts: 3ms, generate-params: 5ms, application-code: 87ms)
 GET / 200 in 100ms (next.js: 1.8ms, application-code: 98ms)
 GET /products/compact-camera/dc417x 200 in 92ms (next.js: 3ms, proxy.ts: 2ms, generate-params: 4ms, application-code: 82ms)
 GET / 200 in 108ms (next.js: 1.7ms, application-code: 106ms)
 GET /products/compact-camera/dc417x 200 in 97ms (next.js: 3ms, proxy.ts: 2ms, generate-params: 4ms, application-code: 88ms)
 GET / 200 in 110ms (next.js: 1.6ms, application-code: 109ms)
 GET /products/compact-camera/dc417x 200 in 103ms (next.js: 3ms, proxy.ts: 2ms, generate-params: 4ms, application-code: 94ms)
 GET / 200 in 102ms (next.js: 1.6ms, application-code: 101ms)
 GET /products/compact-camera/dc417x 200 in 96ms (next.js: 3ms, proxy.ts: 3ms, generate-params: 4ms, application-code: 87ms)
 GET / 200 in 101ms (next.js: 1.7ms, application-code: 100ms)
 GET /products/compact-camera/dc417x 200 in 101ms (next.js: 3ms, proxy.ts: 3ms, generate-params: 4ms, application-code: 91ms)
 GET / 200 in 96ms (next.js: 1.6ms, application-code: 95ms)
 GET /products/compact-camera/dc417x 200 in 92ms (next.js: 5ms, proxy.ts: 2ms, generate-params: 4ms, application-code: 81ms)
 GET / 200 in 94ms (next.js: 1.6ms, application-code: 93ms)
 GET /products/compact-camera/dc417x 200 in 110ms (next.js: 3ms, proxy.ts: 4ms, generate-params: 4ms, application-code: 99ms)
 GET / 200 in 97ms (next.js: 1.6ms, application-code: 95ms)
 GET /products/compact-camera/dc417x 200 in 103ms (next.js: 3ms, proxy.ts: 3ms, generate-params: 4ms, application-code: 93ms)
 GET / 200 in 96ms (next.js: 1.6ms, application-code: 94ms)
 GET /products/compact-camera/dc417x 200 in 97ms (next.js: 3ms, proxy.ts: 2ms, generate-params: 4ms, application-code: 88ms)
 GET / 200 in 101ms (next.js: 1.6ms, application-code: 100ms)
 GET /products/compact-camera/dc417x 200 in 104ms (next.js: 3ms, proxy.ts: 2ms, generate-params: 4ms, application-code: 95ms)
 GET / 200 in 96ms (next.js: 1.7ms, application-code: 94ms)
 GET /products/compact-camera/dc417x 200 in 108ms (next.js: 3ms, proxy.ts: 2ms, generate-params: 4ms, application-code: 99ms)
 GET / 200 in 103ms (next.js: 1.8ms, application-code: 101ms)
 GET /products/compact-camera/dc417x 200 in 96ms (next.js: 3ms, proxy.ts: 2ms, generate-params: 4ms, application-code: 87ms)
 GET / 200 in 91ms (next.js: 1.5ms, application-code: 90ms)
 GET /products/compact-camera/dc417x 200 in 116ms (next.js: 3ms, proxy.ts: 3ms, generate-params: 4ms, application-code: 105ms)
 GET / 200 in 102ms (next.js: 1.7ms, application-code: 100ms)
 GET /products/compact-camera/dc417x 200 in 90ms (next.js: 3ms, proxy.ts: 2ms, generate-params: 4ms, application-code: 80ms)
 GET / 200 in 99ms (next.js: 1.6ms, application-code: 97ms)
 GET /products/compact-camera/dc417x 200 in 101ms (next.js: 3ms, proxy.ts: 2ms, generate-params: 4ms, application-code: 92ms)
 GET / 200 in 95ms (next.js: 1.6ms, application-code: 94ms)
 GET / 200 in 101ms (next.js: 1.6ms, application-code: 99ms)
 GET /products/compact-camera/dc417x 200 in 101ms (next.js: 3ms, proxy.ts: 2ms, generate-params: 4ms, application-code: 91ms)
 GET / 200 in 90ms (next.js: 1.6ms, application-code: 89ms)
 GET /products/compact-camera/dc417x 200 in 87ms (next.js: 3ms, proxy.ts: 2ms, generate-params: 4ms, application-code: 78ms)
 GET /products/compact-camera/dc417x 200 in 109ms (next.js: 3ms, proxy.ts: 3ms, generate-params: 4ms, application-code: 100ms)
 GET / 200 in 99ms (next.js: 1.6ms, application-code: 97ms)
 GET / 200 in 37ms (next.js: 2ms, application-code: 35ms)
 GET /products 200 in 51ms (next.js: 7ms, proxy.ts: 3ms, application-code: 41ms)
 GET /products/compact-camera/dc417x 200 in 112ms (next.js: 4ms, proxy.ts: 2ms, generate-params: 4ms, application-code: 101ms)
 GET /products 200 in 168ms (next.js: 2ms, proxy.ts: 3ms, application-code: 163ms)
 GET / 200 in 40ms (next.js: 2ms, application-code: 38ms)
 GET /products 200 in 40ms (next.js: 3ms, proxy.ts: 3ms, application-code: 34ms)
 GET /products?category=mirrorless-camera 200 in 40ms (next.js: 2ms, proxy.ts: 3ms, application-code: 35ms)
 GET /products?category=compact-camera 200 in 48ms (next.js: 2ms, proxy.ts: 3ms, application-code: 43ms)
 GET /products?category=action-camera 200 in 29ms (next.js: 2ms, proxy.ts: 3ms, application-code: 24ms)
 GET / 200 in 100ms (next.js: 1.6ms, application-code: 98ms)
 GET /news 200 in 52ms (next.js: 21ms, application-code: 31ms)
 GET /news/songdian-unveils-dc106y-flip-top-camera-your-oem-odm-partner 200 in 90ms (next.js: 43ms, generate-params: 4ms, application-code: 43ms)
 GET /about 200 in 32ms (next.js: 3ms, application-code: 29ms)
 GET /solutions 200 in 46ms (next.js: 21ms, application-code: 24ms)
 GET / 200 in 42ms (next.js: 2.0ms, application-code: 40ms)
 GET /products 200 in 41ms (next.js: 2ms, proxy.ts: 3ms, application-code: 36ms)
 GET /products?category=mirrorless-camera 200 in 52ms (next.js: 2ms, proxy.ts: 3ms, application-code: 47ms)
 GET /products?category=compact-camera 200 in 41ms (next.js: 4ms, proxy.ts: 3ms, application-code: 34ms)
 GET /products?category=action-camera 200 in 37ms (next.js: 3ms, proxy.ts: 2ms, application-code: 31ms)
 GET /products/compact-camera/dc417x 200 in 154ms (next.js: 5ms, proxy.ts: 2ms, generate-params: 5ms, application-code: 142ms)
 GET /products?category=video-camera 200 in 80ms (next.js: 19ms, proxy.ts: 6ms, application-code: 55ms)
 GET /products?category=kids-camera 200 in 32ms (next.js: 3ms, proxy.ts: 3ms, application-code: 26ms)
 GET /products?category=lens 200 in 30ms (next.js: 3ms, proxy.ts: 2ms, application-code: 25ms)
 GET /products 200 in 8ms (next.js: 3ms, proxy.ts: 3ms, application-code: 3ms)
 GET /products 200 in 41ms (next.js: 2ms, proxy.ts: 3ms, application-code: 36ms)
 GET / 200 in 104ms (next.js: 1.8ms, application-code: 102ms)
 GET /products/compact-camera/dc417x 200 in 87ms (next.js: 3ms, proxy.ts: 2ms, generate-params: 4ms, application-code: 78ms)
 GET / 200 in 102ms (next.js: 1.8ms, application-code: 100ms)
 GET /products/compact-camera/dc417x 200 in 95ms (next.js: 3ms, proxy.ts: 3ms, generate-params: 4ms, application-code: 86ms)
 GET / 200 in 57ms (next.js: 2ms, application-code: 55ms)
 GET /solutions 200 in 35ms (next.js: 3ms, application-code: 32ms)
 GET /about 200 in 28ms (next.js: 2ms, application-code: 26ms)
 GET / 200 in 108ms (next.js: 2ms, application-code: 106ms)
 GET /sitemap.xml 200 in 29ms (next.js: 8ms, application-code: 21ms)
 GET /solutions 200 in 32ms (next.js: 2ms, application-code: 30ms)
 GET /products 200 in 40ms (next.js: 2ms, proxy.ts: 2ms, application-code: 36ms)
 GET /products/compact-camera/dc417x 200 in 111ms (next.js: 3ms, proxy.ts: 3ms, generate-params: 5ms, application-code: 100ms)
 GET /solutions 200 in 33ms (next.js: 2.0ms, application-code: 31ms)
 GET /news 200 in 33ms (next.js: 1.9ms, application-code: 31ms)
 GET /products 200 in 106ms (next.js: 45ms, proxy.ts: 6ms, application-code: 55ms)
 GET /news 200 in 104ms (next.js: 5ms, application-code: 100ms)
 GET /products 200 in 84ms (next.js: 37ms, proxy.ts: 4ms, application-code: 43ms)
 GET /news 200 in 83ms (next.js: 3ms, application-code: 81ms)
✓ Compiled in 123ms
 GET /products 200 in 160ms (next.js: 44ms, proxy.ts: 8ms, application-code: 109ms)
 GET /news 200 in 158ms (next.js: 6ms, application-code: 152ms)
 GET /products 200 in 38ms (next.js: 2ms, proxy.ts: 3ms, application-code: 33ms)
 GET /products/mirrorless-camera/dc226 200 in 105ms (next.js: 5ms, proxy.ts: 3ms, generate-params: 5ms, application-code: 93ms)
 GET /products/mirrorless-camera/dc226 200 in 53ms (next.js: 18ms, proxy.ts: 4ms, generate-params: 0.0ms, application-code: 32ms)
 GET /solutions 200 in 81ms (next.js: 12ms, application-code: 70ms)
 GET / 200 in 111ms (next.js: 2ms, application-code: 108ms)
 GET /products/compact-camera/dc417x 200 in 89ms (next.js: 3ms, proxy.ts: 2ms, generate-params: 4ms, application-code: 80ms)
 GET /products 200 in 276ms (next.js: 4ms, proxy.ts: 4ms, application-code: 268ms)
 GET /contact 200 in 162ms (next.js: 23ms, application-code: 140ms)
 GET /solutions 200 in 94ms (next.js: 3ms, application-code: 91ms)
 GET /products 200 in 189ms (next.js: 1.9ms, proxy.ts: 5ms, application-code: 182ms)
 GET /contact 200 in 102ms (next.js: 2ms, application-code: 100ms)
 GET /solutions 200 in 90ms (next.js: 2ms, application-code: 88ms)
 GET / 200 in 43ms (next.js: 2ms, application-code: 41ms)
 GET / 200 in 139ms (next.js: 1.8ms, application-code: 138ms)
 GET /products/compact-camera/dc417x 200 in 115ms (next.js: 4ms, proxy.ts: 2ms, generate-params: 5ms, application-code: 105ms)
 GET / 200 in 102ms (next.js: 2ms, application-code: 100ms)
 GET /products 200 in 57ms (next.js: 3ms, proxy.ts: 9ms, application-code: 45ms)
 GET /solutions 200 in 22ms (next.js: 1.9ms, application-code: 21ms)
 GET /news 200 in 29ms (next.js: 3ms, application-code: 26ms)
 GET /about 200 in 23ms (next.js: 2ms, application-code: 20ms)
 GET /contact 200 in 23ms (next.js: 1.9ms, application-code: 21ms)
 GET /solutions 200 in 30ms (next.js: 1.9ms, application-code: 28ms)
 GET /products 200 in 59ms (next.js: 4ms, proxy.ts: 3ms, application-code: 52ms)
 GET /products?category=mirrorless-camera 200 in 42ms (next.js: 4ms, proxy.ts: 4ms, application-code: 35ms)
 GET /products?page=2&category=mirrorless-camera 200 in 59ms (next.js: 4ms, proxy.ts: 3ms, application-code: 52ms)
 GET /products/compact-camera/dc417x 200 in 117ms (next.js: 4ms, proxy.ts: 3ms, generate-params: 4ms, application-code: 106ms)
 GET / 200 in 177ms (next.js: 1.8ms, application-code: 175ms)
 GET /products?category=compact-camera 200 in 52ms (next.js: 3ms, proxy.ts: 4ms, application-code: 46ms)
 GET /solutions 200 in 37ms (next.js: 3ms, application-code: 34ms)
 GET /products 200 in 48ms (next.js: 2ms, proxy.ts: 2ms, application-code: 43ms)
 GET /products?category=mirrorless-camera 200 in 38ms (next.js: 3ms, proxy.ts: 3ms, application-code: 33ms)
 GET /products?category=compact-camera 200 in 38ms (next.js: 3ms, proxy.ts: 2ms, application-code: 33ms)
 GET /products/compact-camera/dc417x 200 in 114ms (next.js: 3ms, proxy.ts: 2ms, generate-params: 4ms, application-code: 104ms)
 GET / 200 in 141ms (next.js: 2ms, application-code: 139ms)
 GET /products/compact-camera/dc417x 200 in 101ms (next.js: 3ms, proxy.ts: 2ms, generate-params: 4ms, application-code: 91ms)
 GET / 200 in 108ms (next.js: 2ms, application-code: 106ms)
 GET / 200 in 40ms (next.js: 3ms, application-code: 37ms)
 GET /solutions 200 in 52ms (next.js: 3ms, application-code: 48ms)
 GET /products/compact-camera/dc417x 200 in 92ms (next.js: 3ms, proxy.ts: 2ms, generate-params: 4ms, application-code: 83ms)
 GET / 200 in 105ms (next.js: 1.8ms, application-code: 103ms)
 GET /solutions/faq 200 in 396ms (next.js: 371ms, application-code: 25ms)
 GET / 200 in 43ms (next.js: 6ms, application-code: 37ms)
 GET /products 200 in 45ms (next.js: 5ms, proxy.ts: 3ms, application-code: 37ms)
 GET / 200 in 43ms (next.js: 4ms, application-code: 39ms)
✓ Compiled in 161ms
 GET /products/compact-camera/dc417x 200 in 110ms (next.js: 4ms, proxy.ts: 4ms, generate-params: 4ms, application-code: 98ms)
 GET / 200 in 97ms (next.js: 1.7ms, application-code: 95ms)
 GET /products/compact-camera/dc417x 200 in 95ms (next.js: 4ms, proxy.ts: 2ms, generate-params: 4ms, application-code: 85ms)
 GET /products 200 in 230ms (next.js: 13ms, proxy.ts: 4ms, application-code: 213ms)
 GET /products 200 in 192ms (next.js: 7ms, proxy.ts: 4ms, application-code: 181ms)
 GET / 200 in 131ms (next.js: 3ms, application-code: 128ms)
 GET /products 200 in 37ms (next.js: 2ms, proxy.ts: 3ms, application-code: 32ms)
 GET /products 200 in 172ms (next.js: 3ms, proxy.ts: 4ms, application-code: 165ms)
 GET /products?category=mirrorless-camera 200 in 43ms (next.js: 2ms, proxy.ts: 3ms, application-code: 38ms)
 GET /products?category=compact-camera 200 in 37ms (next.js: 3ms, proxy.ts: 2ms, application-code: 32ms)
 GET /products?category=action-camera 200 in 30ms (next.js: 2ms, proxy.ts: 2ms, application-code: 25ms)
 GET /solutions 200 in 21ms (next.js: 2ms, application-code: 19ms)
 GET /products/compact-camera/dc417x 200 in 113ms (next.js: 3ms, proxy.ts: 2ms, generate-params: 5ms, application-code: 103ms)
 GET /about 200 in 21ms (next.js: 3ms, application-code: 18ms)
 GET /contact 200 in 25ms (next.js: 3ms, application-code: 22ms)
 GET / 200 in 56ms (next.js: 1.9ms, application-code: 54ms)
 GET / 200 in 97ms (next.js: 1.6ms, application-code: 95ms)
 GET /products/compact-camera/dc417x 200 in 101ms (next.js: 3ms, proxy.ts: 3ms, generate-params: 4ms, application-code: 90ms)
 GET /products/compact-camera/dc417x 200 in 108ms (next.js: 3ms, proxy.ts: 3ms, generate-params: 4ms, application-code: 98ms)
 GET / 200 in 107ms (next.js: 1.7ms, application-code: 106ms)
 GET /products/compact-camera/dc417x 200 in 92ms (next.js: 3ms, proxy.ts: 2ms, generate-params: 4ms, application-code: 82ms)
 GET / 200 in 101ms (next.js: 2ms, application-code: 99ms)
✓ Compiled in 99ms
 GET /products 200 in 102ms (next.js: 50ms, proxy.ts: 4ms, application-code: 48ms)
 GET / 200 in 97ms (next.js: 11ms, application-code: 87ms)
 GET /products/compact-camera/dc417x 200 in 126ms (next.js: 7ms, proxy.ts: 2ms, generate-params: 4ms, application-code: 112ms)
 GET / 200 in 94ms (next.js: 1.6ms, application-code: 93ms)
 GET /products 200 in 201ms (next.js: 3ms, proxy.ts: 3ms, application-code: 196ms)
 GET /products 200 in 230ms (next.js: 4ms, proxy.ts: 3ms, application-code: 223ms)
 GET /products 200 in 209ms (next.js: 3ms, proxy.ts: 10ms, application-code: 196ms)
 GET /products/compact-camera/dc417x 200 in 108ms (next.js: 4ms, proxy.ts: 2ms, generate-params: 4ms, application-code: 98ms)
 GET / 200 in 147ms (next.js: 2.0ms, application-code: 145ms)
 GET /products 200 in 184ms (next.js: 2ms, proxy.ts: 2ms, application-code: 180ms)
 GET /products 200 in 428ms (next.js: 2ms, proxy.ts: 5ms, application-code: 421ms)
 GET /products 200 in 389ms (next.js: 12ms, proxy.ts: 14ms, application-code: 364ms)
 GET /products/compact-camera/dc417x 200 in 392ms (next.js: 220ms, proxy.ts: 14ms, generate-params: 7ms, application-code: 151ms)
 GET /contact 200 in 195ms (next.js: 12ms, application-code: 183ms)
 GET / 200 in 202ms (next.js: 2ms, application-code: 200ms)
 GET /about 200 in 38ms (next.js: 11ms, application-code: 27ms)
 GET / 200 in 69ms (next.js: 5ms, application-code: 64ms)
 GET /products/compact-camera/dc417x 200 in 110ms (next.js: 3ms, proxy.ts: 3ms, generate-params: 4ms, application-code: 100ms)
 GET / 200 in 129ms (next.js: 3ms, application-code: 126ms)
 GET / 200 in 166ms (next.js: 1.9ms, application-code: 164ms)
 GET /products/compact-camera/dc417x 200 in 148ms (next.js: 4ms, proxy.ts: 2ms, generate-params: 4ms, application-code: 137ms)
 GET / 200 in 101ms (next.js: 1.6ms, application-code: 99ms)
 GET /products/compact-camera/dc417x 200 in 97ms (next.js: 3ms, proxy.ts: 2ms, generate-params: 4ms, application-code: 88ms)
 GET / 200 in 100ms (next.js: 1.6ms, application-code: 99ms)
 GET /products/compact-camera/dc417x 200 in 113ms (next.js: 4ms, proxy.ts: 3ms, generate-params: 4ms, application-code: 102ms)
 GET / 200 in 116ms (next.js: 2ms, application-code: 113ms)
 GET /products/compact-camera/dc417x 200 in 106ms (next.js: 4ms, proxy.ts: 3ms, generate-params: 4ms, application-code: 95ms)
 GET / 200 in 98ms (next.js: 1.6ms, application-code: 97ms)
 GET /products/compact-camera/dc417x 200 in 106ms (next.js: 4ms, proxy.ts: 2ms, generate-params: 4ms, application-code: 95ms)
 GET / 200 in 118ms (next.js: 3ms, application-code: 116ms)
 GET / 200 in 101ms (next.js: 1.8ms, application-code: 100ms)
 GET /products/compact-camera/dc417x 200 in 101ms (next.js: 3ms, proxy.ts: 3ms, generate-params: 4ms, application-code: 91ms)
 GET / 200 in 103ms (next.js: 1.8ms, application-code: 101ms)
 GET / 200 in 103ms (next.js: 6ms, application-code: 97ms)
 GET /products 200 in 44ms (next.js: 2ms, proxy.ts: 4ms, application-code: 38ms)
 GET /solutions 200 in 37ms (next.js: 9ms, application-code: 28ms)
 GET /news 200 in 37ms (next.js: 6ms, application-code: 31ms)
 GET /about 200 in 24ms (next.js: 1.9ms, application-code: 22ms)
 GET /contact 200 in 23ms (next.js: 2ms, application-code: 21ms)
 GET /products/compact-camera/dc417x 200 in 114ms (next.js: 3ms, proxy.ts: 3ms, generate-params: 4ms, application-code: 104ms)
 GET / 200 in 35ms (next.js: 2.0ms, application-code: 33ms)
 GET / 200 in 110ms (next.js: 2.0ms, application-code: 108ms)
 GET /products/compact-camera/dc417x 200 in 109ms (next.js: 4ms, proxy.ts: 3ms, generate-params: 4ms, application-code: 98ms)
 GET / 200 in 118ms (next.js: 2ms, application-code: 115ms)
 GET /products 200 in 62ms (next.js: 2ms, proxy.ts: 3ms, application-code: 56ms)
 GET /products?page=2 200 in 53ms (next.js: 3ms, proxy.ts: 3ms, application-code: 47ms)
 GET /products/compact-camera/dc417x 200 in 118ms (next.js: 3ms, proxy.ts: 3ms, generate-params: 5ms, application-code: 107ms)
 GET / 200 in 115ms (next.js: 2ms, application-code: 113ms)
 GET /products/compact-camera/dc417x 200 in 118ms (next.js: 5ms, proxy.ts: 3ms, generate-params: 4ms, application-code: 107ms)
 GET / 200 in 112ms (next.js: 2.0ms, application-code: 110ms)
 GET /products/compact-camera/dc417x 200 in 109ms (next.js: 4ms, proxy.ts: 3ms, generate-params: 4ms, application-code: 99ms)
 GET / 200 in 99ms (next.js: 1.8ms, application-code: 98ms)
 GET /products/compact-camera/dc417x 200 in 84ms (next.js: 3ms, proxy.ts: 2ms, generate-params: 4ms, application-code: 74ms)
 GET / 200 in 93ms (next.js: 1.8ms, application-code: 91ms)
 GET /products/compact-camera/dc417x 200 in 130ms (next.js: 4ms, proxy.ts: 2ms, generate-params: 4ms, application-code: 119ms)
 GET / 200 in 106ms (next.js: 1.7ms, application-code: 105ms)
 GET /products/compact-camera/dc417x 200 in 107ms (next.js: 3ms, proxy.ts: 3ms, generate-params: 5ms, application-code: 96ms)
 GET / 200 in 221ms (next.js: 4ms, application-code: 217ms)
 GET /products/compact-camera/dc417x 200 in 100ms (next.js: 3ms, proxy.ts: 2ms, generate-params: 4ms, application-code: 90ms)
 GET / 200 in 121ms (next.js: 1.9ms, application-code: 119ms)
 GET /products/compact-camera/dc417x 200 in 109ms (next.js: 3ms, proxy.ts: 3ms, generate-params: 4ms, application-code: 99ms)
 GET / 200 in 121ms (next.js: 2ms, application-code: 119ms)
✓ Compiled in 102ms
 GET /products/compact-camera/dc417x 200 in 110ms (next.js: 4ms, proxy.ts: 3ms, generate-params: 4ms, application-code: 99ms)
 GET / 200 in 145ms (next.js: 2ms, application-code: 142ms)
 GET /products/compact-camera/dc417x 200 in 145ms (next.js: 7ms, proxy.ts: 5ms, generate-params: 7ms, application-code: 126ms)
 GET / 200 in 111ms (next.js: 2ms, application-code: 109ms)
 GET /products/compact-camera/dc417x 200 in 109ms (next.js: 4ms, proxy.ts: 3ms, generate-params: 4ms, application-code: 98ms)
 GET / 200 in 120ms (next.js: 1.8ms, application-code: 118ms)
 GET /solutions 200 in 26ms (next.js: 4ms, application-code: 22ms)
 GET / 200 in 43ms (next.js: 2ms, application-code: 41ms)
 GET /products 200 in 49ms (next.js: 5ms, proxy.ts: 3ms, application-code: 41ms)
 GET / 200 in 45ms (next.js: 2ms, application-code: 43ms)
 GET /products 200 in 68ms (next.js: 5ms, proxy.ts: 3ms, application-code: 60ms)
 GET / 200 in 54ms (next.js: 2ms, application-code: 52ms)
 GET /products 200 in 44ms (next.js: 2ms, proxy.ts: 3ms, application-code: 39ms)
 GET /solutions 200 in 37ms (next.js: 3ms, application-code: 34ms)
 GET /solutions/faq 200 in 41ms (next.js: 16ms, application-code: 25ms)
 GET /news 200 in 31ms (next.js: 3ms, application-code: 28ms)
 GET /about 200 in 29ms (next.js: 4ms, application-code: 25ms)
 GET /about 200 in 39ms (next.js: 1.9ms, application-code: 37ms)
 GET /about 200 in 19ms (next.js: 1.9ms, application-code: 17ms)
 GET /contact 200 in 28ms (next.js: 4ms, application-code: 24ms)
 GET /news 200 in 63ms (next.js: 2ms, application-code: 61ms)
 GET /news 200 in 30ms (next.js: 3ms, application-code: 27ms)
 GET /about 200 in 43ms (next.js: 1.9ms, application-code: 41ms)
 GET /about 200 in 22ms (next.js: 3ms, application-code: 19ms)
 GET /solutions 200 in 32ms (next.js: 1.8ms, application-code: 30ms)
 GET /products 200 in 45ms (next.js: 7ms, proxy.ts: 2ms, application-code: 36ms)
 GET / 200 in 145ms (next.js: 2.0ms, application-code: 143ms)
 GET / 200 in 93ms (next.js: 4ms, application-code: 90ms)
 GET /products/compact-camera/dc417x 200 in 103ms (next.js: 3ms, proxy.ts: 3ms, generate-params: 4ms, application-code: 93ms)
 GET / 200 in 114ms (next.js: 1.8ms, application-code: 113ms)
 GET /products/compact-camera/dc417x 200 in 90ms (next.js: 4ms, proxy.ts: 2ms, generate-params: 4ms, application-code: 80ms)
